Archive member included because of file (symbol)

../proj_nios_bsp/\libhal_bsp.a(alt_load.o)
                              ../proj_nios_bsp//obj/HAL/src/crt0.o (alt_load)
../proj_nios_bsp/\libhal_bsp.a(alt_main.o)
                              ../proj_nios_bsp//obj/HAL/src/crt0.o (alt_main)
../proj_nios_bsp/\libhal_bsp.a(alt_putstr.o)
                              obj/default/hello_world.o (alt_putstr)
../proj_nios_bsp/\libhal_bsp.a(alt_sys_init.o)
                              ../proj_nios_bsp/\libhal_bsp.a(alt_main.o) (alt_irq_init)
../proj_nios_bsp/\libhal_bsp.a(altera_avalon_jtag_uart_fd.o)
                              ../proj_nios_bsp/\libhal_bsp.a(alt_sys_init.o) (altera_avalon_jtag_uart_read_fd)
../proj_nios_bsp/\libhal_bsp.a(altera_avalon_jtag_uart_init.o)
                              ../proj_nios_bsp/\libhal_bsp.a(altera_avalon_jtag_uart_fd.o) (altera_avalon_jtag_uart_close)
../proj_nios_bsp/\libhal_bsp.a(altera_avalon_jtag_uart_ioctl.o)
                              ../proj_nios_bsp/\libhal_bsp.a(altera_avalon_jtag_uart_fd.o) (altera_avalon_jtag_uart_ioctl)
../proj_nios_bsp/\libhal_bsp.a(altera_avalon_jtag_uart_read.o)
                              ../proj_nios_bsp/\libhal_bsp.a(altera_avalon_jtag_uart_fd.o) (altera_avalon_jtag_uart_read)
../proj_nios_bsp/\libhal_bsp.a(altera_avalon_jtag_uart_write.o)
                              ../proj_nios_bsp/\libhal_bsp.a(altera_avalon_jtag_uart_fd.o) (altera_avalon_jtag_uart_write)
../proj_nios_bsp/\libhal_bsp.a(alt_alarm_start.o)
                              ../proj_nios_bsp/\libhal_bsp.a(altera_avalon_jtag_uart_init.o) (alt_alarm_start)
../proj_nios_bsp/\libhal_bsp.a(alt_close.o)
                              ../proj_nios_bsp/\libhal_bsp.a(alt_main.o) (close)
../proj_nios_bsp/\libhal_bsp.a(alt_dcache_flush_all.o)
                              ../proj_nios_bsp/\libhal_bsp.a(alt_load.o) (alt_dcache_flush_all)
../proj_nios_bsp/\libhal_bsp.a(alt_dev.o)
                              ../proj_nios_bsp/\libhal_bsp.a(alt_sys_init.o) (alt_dev_list)
../proj_nios_bsp/\libhal_bsp.a(alt_dev_llist_insert.o)
                              ../proj_nios_bsp/\libhal_bsp.a(alt_sys_init.o) (alt_dev_llist_insert)
../proj_nios_bsp/\libhal_bsp.a(alt_do_ctors.o)
                              ../proj_nios_bsp/\libhal_bsp.a(alt_main.o) (_do_ctors)
../proj_nios_bsp/\libhal_bsp.a(alt_do_dtors.o)
                              ../proj_nios_bsp/\libhal_bsp.a(alt_main.o) (_do_dtors)
../proj_nios_bsp/\libhal_bsp.a(alt_errno.o)
                              ../proj_nios_bsp/\libhal_bsp.a(alt_close.o) (alt_errno)
../proj_nios_bsp/\libhal_bsp.a(alt_icache_flush_all.o)
                              ../proj_nios_bsp/\libhal_bsp.a(alt_load.o) (alt_icache_flush_all)
../proj_nios_bsp/\libhal_bsp.a(alt_io_redirect.o)
                              ../proj_nios_bsp/\libhal_bsp.a(alt_main.o) (alt_io_redirect)
../proj_nios_bsp/\libhal_bsp.a(alt_irq_register.o)
                              ../proj_nios_bsp/\libhal_bsp.a(altera_avalon_jtag_uart_init.o) (alt_irq_register)
../proj_nios_bsp/\libhal_bsp.a(alt_irq_vars.o)
                              ../proj_nios_bsp/\libhal_bsp.a(alt_irq_register.o) (alt_irq_active)
../proj_nios_bsp/\libhal_bsp.a(alt_open.o)
                              ../proj_nios_bsp/\libhal_bsp.a(alt_io_redirect.o) (open)
../proj_nios_bsp/\libhal_bsp.a(alt_release_fd.o)
                              ../proj_nios_bsp/\libhal_bsp.a(alt_close.o) (alt_release_fd)
../proj_nios_bsp/\libhal_bsp.a(alt_tick.o)
                              ../proj_nios_bsp/\libhal_bsp.a(altera_avalon_jtag_uart_init.o) (_alt_tick_rate)
../proj_nios_bsp/\libhal_bsp.a(altera_nios2_qsys_irq.o)
                              ../proj_nios_bsp/\libhal_bsp.a(alt_sys_init.o) (altera_nios2_qsys_irq_init)
../proj_nios_bsp/\libhal_bsp.a(alt_find_dev.o)
                              ../proj_nios_bsp/\libhal_bsp.a(alt_open.o) (alt_find_dev)
../proj_nios_bsp/\libhal_bsp.a(alt_find_file.o)
                              ../proj_nios_bsp/\libhal_bsp.a(alt_open.o) (alt_find_file)
../proj_nios_bsp/\libhal_bsp.a(alt_get_fd.o)
                              ../proj_nios_bsp/\libhal_bsp.a(alt_open.o) (alt_get_fd)
../proj_nios_bsp/\libhal_bsp.a(alt_irq_entry.o)
                              ../proj_nios_bsp/\libhal_bsp.a(alt_irq_register.o) (alt_irq_entry)
../proj_nios_bsp/\libhal_bsp.a(alt_irq_handler.o)
                              ../proj_nios_bsp/\libhal_bsp.a(alt_irq_register.o) (alt_irq_handler)
../proj_nios_bsp/\libhal_bsp.a(alt_exception_entry.o)
                              ../proj_nios_bsp/\libhal_bsp.a(alt_irq_entry.o) (alt_exception)
c:/altera/13.0/nios2eds/bin/gnu/h-i686-mingw32/bin/../lib/gcc/nios2-elf/4.1.2/../../../../nios2-elf/lib/mno-hw-mul\libc.a(lib_a-atexit.o)
                              ../proj_nios_bsp/\libhal_bsp.a(alt_main.o) (atexit)
c:/altera/13.0/nios2eds/bin/gnu/h-i686-mingw32/bin/../lib/gcc/nios2-elf/4.1.2/../../../../nios2-elf/lib/mno-hw-mul\libc.a(lib_a-exit.o)
[...]
Memory Configuration

Name             Origin             Length             Attributes
reset            0x00001000         0x00000020
onchip_memory2_0 0x00001020         0x00000fe0
*default*        0x00000000         0xffffffff

Linker script and memory map

LOAD ../proj_nios_bsp//obj/HAL/src/crt0.o
LOAD obj/default/hello_world.o
LOAD c:/altera/13.0/nios2eds/bin/gnu/h-i686-mingw32/bin/../lib/gcc/nios2-elf/4.1.2/../../../../nios2-elf/lib/mno-hw-mul\libstdc++.a
LOAD c:/altera/13.0/nios2eds/bin/gnu/h-i686-mingw32/bin/../lib/gcc/nios2-elf/4.1.2/../../../../nios2-elf/lib/mno-hw-mul\libm.a
LOAD c:/altera/13.0/nios2eds/bin/gnu/h-i686-mingw32/bin/../lib/gcc/nios2-elf/4.1.2/mno-hw-mul\libgcc.a
START GROUP
LOAD c:/altera/13.0/nios2eds/bin/gnu/h-i686-mingw32/bin/../lib/gcc/nios2-elf/4.1.2/../../../../nios2-elf/lib/mno-hw-mul\libc.a
LOAD c:/altera/13.0/nios2eds/bin/gnu/h-i686-mingw32/bin/../lib/gcc/nios2-elf/4.1.2/mno-hw-mul\libgcc.a
LOAD ../proj_nios_bsp/\libhal_bsp.a
END GROUP
LOAD c:/altera/13.0/nios2eds/bin/gnu/h-i686-mingw32/bin/../lib/gcc/nios2-elf/4.1.2/mno-hw-mul\libgcc.a
                0x00001000                __alt_mem_onchip_memory2_0 = 0x1000

.entry          0x00001000       0x20
 *(.entry)
 .entry         0x00001000       0x20 ../proj_nios_bsp//obj/HAL/src/crt0.o
                0x00001000                __reset

.exceptions     0x00001020      0x198
                0x00001020                PROVIDE (__ram_exceptions_start, ABSOLUTE (.))
                0x00001020                . = ALIGN (0x20)
 *(.irq)
 *(.exceptions.entry.label)
 .exceptions.entry.label
                0x00001020        0x0 ../proj_nios_bsp/\libhal_bsp.a(alt_irq_entry.o)
                0x00001020                alt_irq_entry
 .exceptions.entry.label
                0x00001020        0x0 ../proj_nios_bsp/\libhal_bsp.a(alt_exception_entry.o)
                0x00001020                alt_exception
 *(.exceptions.entry.user)
 *(.exceptions.entry)
 .exceptions.entry
                0x00001020       0x54 ../proj_nios_bsp/\libhal_bsp.a(alt_exception_entry.o)
 *(.exceptions.irqtest.user)
 *(.exceptions.irqtest)
 .exceptions.irqtest
                0x00001074       0x10 ../proj_nios_bsp/\libhal_bsp.a(alt_irq_entry.o)
 *(.exceptions.irqhandler.user)
 *(.exceptions.irqhandler)
 .exceptions.irqhandler
                0x00001084        0x4 ../proj_nios_bsp/\libhal_bsp.a(alt_irq_entry.o)
 *(.exceptions.irqreturn.user)
 *(.exceptions.irqreturn)
 .exceptions.irqreturn
                0x00001088        0x4 ../proj_nios_bsp/\libhal_bsp.a(alt_irq_entry.o)
 *(.exceptions.notirq.label)
 .exceptions.notirq.label
                0x0000108c        0x0 ../proj_nios_bsp/\libhal_bsp.a(alt_irq_entry.o)
 *(.exceptions.notirq.user)
 *(.exceptions.notirq)
 .exceptions.notirq
                0x0000108c        0x8 ../proj_nios_bsp/\libhal_bsp.a(alt_exception_entry.o)
 *(.exceptions.soft.user)
 *(.exceptions.soft)
 *(.exceptions.unknown.user)
 *(.exceptions.unknown)
 .exceptions.unknown
                0x00001094        0x4 ../proj_nios_bsp/\libhal_bsp.a(alt_exception_entry.o)
 *(.exceptions.exit.label)
 .exceptions.exit.label
                0x00001098        0x0 ../proj_nios_bsp/\libhal_bsp.a(alt_irq_entry.o)
 .exceptions.exit.label
                0x00001098        0x0 ../proj_nios_bsp/\libhal_bsp.a(alt_exception_entry.o)
 *(.exceptions.exit.user)
 *(.exceptions.exit)
 .exceptions.exit
                0x00001098       0x54 ../proj_nios_bsp/\libhal_bsp.a(alt_exception_entry.o)
 *(.exceptions)
 .exceptions    0x000010ec       0xcc ../proj_nios_bsp/\libhal_bsp.a(alt_irq_handler.o)
                0x000010ec                alt_irq_handler
                0x000011b8                PROVIDE (__ram_exceptions_end, ABSOLUTE (.))
                0x00001020                PROVIDE (__flash_exceptions_start, LOADADDR (.exceptions))

.text           0x000011b8     0x51fc
                0x000011b8                PROVIDE (stext, ABSOLUTE (.))
 *(.interp)
 *(.hash)
 *(.dynsym)
 *(.dynstr)
 *(.gnu.version)
 *(.gnu.version_d)
 *(.gnu.version_r)
 *(.rel.init)
 *(.rela.init)
 *(.rel.text .rel.text.* .rel.gnu.linkonce.t.*)
 *(.rela.text .rela.text.* .rela.gnu.linkonce.t.*)
 *(.rel.fini)
 *(.rela.fini)
 *(.rel.rodata .rel.rodata.* .rel.gnu.linkonce.r.*)
 *(.rela.rodata .rela.rodata.* .rela.gnu.linkonce.r.*)
 *(.rel.data .rel.data.* .rel.gnu.linkonce.d.*)
 *(.rela.data .rela.data.* .rela.gnu.linkonce.d.*)
 *(.rel.tdata .rel.tdata.* .rel.gnu.linkonce.td.*)
 *(.rela.tdata .rela.tdata.* .rela.gnu.linkonce.td.*)
 *(.rel.tbss .rel.tbss.* .rel.gnu.linkonce.tb.*)
 *(.rela.tbss .rela.tbss.* .rela.gnu.linkonce.tb.*)
 *(.rel.ctors)
 *(.rela.ctors)
 *(.rel.dtors)
 *(.rela.dtors)
 *(.rel.got)
 *(.rela.got)
 *(.rel.sdata .rel.sdata.* .rel.gnu.linkonce.s.*)
 *(.rela.sdata .rela.sdata.* .rela.gnu.linkonce.s.*)
 *(.rel.sbss .rel.sbss.* .rel.gnu.linkonce.sb.*)
 *(.rela.sbss .rela.sbss.* .rela.gnu.linkonce.sb.*)
 *(.rel.sdata2 .rel.sdata2.* .rel.gnu.linkonce.s2.*)
 *(.rela.sdata2 .rela.sdata2.* .rela.gnu.linkonce.s2.*)
 *(.rel.sbss2 .rel.sbss2.* .rel.gnu.linkonce.sb2.*)
 *(.rela.sbss2 .rela.sbss2.* .rela.gnu.linkonce.sb2.*)
 *(.rel.bss .rel.bss.* .rel.gnu.linkonce.b.*)
 *(.rela.bss .rela.bss.* .rela.gnu.linkonce.b.*)
 *(.rel.plt)
 *(.rela.plt)
 *(.rel.dyn)
 *(.init)
 *(.plt)
 *(.text .stub .text.* .gnu.linkonce.t.*)
 .text          0x000011b8       0x3c ../proj_nios_bsp//obj/HAL/src/crt0.o
                0x000011b8                _start
 .text          0x000011f4       0x20 obj/default/hello_world.o
                0x000011f4                main
 .text          0x00001214       0xec ../proj_nios_bsp/\libhal_bsp.a(alt_load.o)
                0x00001214                alt_load
 .text          0x00001300       0x6c ../proj_nios_bsp/\libhal_bsp.a(alt_main.o)
                0x00001300                alt_main
 .text          0x0000136c       0x40 ../proj_nios_bsp/\libhal_bsp.a(alt_putstr.o)
                0x0000136c                alt_putstr
 .text          0x000013ac       0xa0 ../proj_nios_bsp/\libhal_bsp.a(alt_sys_init.o)
                0x000013ac                alt_irq_init
                0x000013e0                alt_sys_init
 .text          0x0000144c      0x148 ../proj_nios_bsp/\libhal_bsp.a(altera_avalon_jtag_uart_fd.o)
                0x0000144c                altera_avalon_jtag_uart_read_fd
                0x000014a4                altera_avalon_jtag_uart_write_fd
                0x000014fc                altera_avalon_jtag_uart_close_fd
                0x00001544                altera_avalon_jtag_uart_ioctl_fd
 .text          0x00001594      0x408 ../proj_nios_bsp/\libhal_bsp.a(altera_avalon_jtag_uart_init.o)
                0x00001594                altera_avalon_jtag_uart_init
                0x00001928                altera_avalon_jtag_uart_close
 .text          0x0000199c       0xf4 ../proj_nios_bsp/\libhal_bsp.a(altera_avalon_jtag_uart_ioctl.o)
                0x0000199c                altera_avalon_jtag_uart_ioctl
 .text          0x00001a90      0x224 ../proj_nios_bsp/\libhal_bsp.a(altera_avalon_jtag_uart_read.o)
                0x00001a90                altera_avalon_jtag_uart_read
 .text          0x00001cb4      0x240 ../proj_nios_bsp/\libhal_bsp.a(altera_avalon_jtag_uart_write.o)
                0x00001cb4                altera_avalon_jtag_uart_write
 .text          0x00001ef4      0x154 ../proj_nios_bsp/\libhal_bsp.a(alt_alarm_start.o)
                0x00001ef4                alt_alarm_start
 .text          0x00002048      0x160 ../proj_nios_bsp/\libhal_bsp.a(alt_close.o)
                0x00002048                close
 .text          0x000021a8       0x1c ../proj_nios_bsp/\libhal_bsp.a(alt_dcache_flush_all.o)
                0x000021a8                alt_dcache_flush_all
 .text          0x000021c4       0x2c ../proj_nios_bsp/\libhal_bsp.a(alt_dev.o)
 .text          0x000021f0      0x114 ../proj_nios_bsp/\libhal_bsp.a(alt_dev_llist_insert.o)
                0x000021f0                alt_dev_llist_insert
 .text          0x00002304       0x64 ../proj_nios_bsp/\libhal_bsp.a(alt_do_ctors.o)
                0x00002304                _do_ctors
 .text          0x00002368       0x64 ../proj_nios_bsp/\libhal_bsp.a(alt_do_dtors.o)
                0x00002368                _do_dtors
 .text          0x000023cc        0x0 ../proj_nios_bsp/\libhal_bsp.a(alt_errno.o)
 .text          0x000023cc       0x1c ../proj_nios_bsp/\libhal_bsp.a(alt_icache_flush_all.o)
                0x000023cc                alt_icache_flush_all
 .text          0x000023e8      0x150 ../proj_nios_bsp/\libhal_bsp.a(alt_io_redirect.o)
                0x000024c0                alt_io_redirect
 .text          0x00002538      0x1c0 ../proj_nios_bsp/\libhal_bsp.a(alt_irq_register.o)
                0x00002538                alt_irq_register
 .text          0x000026f8        0x0 ../proj_nios_bsp/\libhal_bsp.a(alt_irq_vars.o)
 .text          0x000026f8      0x2e4 ../proj_nios_bsp/\libhal_bsp.a(alt_open.o)
                0x000027f0                open
 .text          0x000029dc       0x78 ../proj_nios_bsp/\libhal_bsp.a(alt_release_fd.o)
                0x000029dc                alt_release_fd
 .text          0x00002a54      0x1a4 ../proj_nios_bsp/\libhal_bsp.a(alt_tick.o)
                0x00002a54                alt_alarm_stop
                0x00002aec                alt_tick
 .text          0x00002bf8       0x20 ../proj_nios_bsp/\libhal_bsp.a(altera_nios2_qsys_irq.o)
                0x00002bf8                altera_nios2_qsys_irq_init
 .text          0x00002c18       0x94 ../proj_nios_bsp/\libhal_bsp.a(alt_find_dev.o)
                0x00002c18                alt_find_dev
 .text          0x00002cac      0x120 ../proj_nios_bsp/\libhal_bsp.a(alt_find_file.o)
                0x00002cac                alt_find_file
 .text          0x00002dcc       0xd0 ../proj_nios_bsp/\libhal_bsp.a(alt_get_fd.o)
                0x00002dcc                alt_get_fd
 .text          0x00002e9c        0x0 ../proj_nios_bsp/\libhal_bsp.a(alt_irq_entry.o)
 .text          0x00002e9c        0x0 ../proj_nios_bsp/\libhal_bsp.a(alt_irq_handler.o)
 .text          0x00002e9c        0x0 ../proj_nios_bsp/\libhal_bsp.a(alt_exception_entry.o)
 .text          0x00002e9c       0x14 c:/altera/13.0/nios2eds/bin/gnu/h-i686-mingw32/bin/../lib/gcc/nios2-elf/4.1.2/../../../../nios2-elf/lib/mno-hw-mul\libc.a(lib_a-atexit.o)
                0x00002e9c                atexit
 .text          0x00002eb0       0x38 c:/altera/13.0/nios2eds/bin/gnu/h-i686-mingw32/bin/../lib/gcc/nios2-elf/4.1.2/../../../../nios2-elf/lib/mno-hw-mul\libc.a(lib_a-exit.o)
                0x00002eb0                exit
 .text          0x00002ee8       0x90 c:/altera/13.0/nios2eds/bin/gnu/h-i686-mingw32/bin/../lib/gcc/nios2-elf/4.1.2/../../../../nios2-elf/lib/mno-hw-mul\libc.a(lib_a-fputs.o)
                0x00002ee8                _fputs_r
                0x00002f5c                fputs
 .text          0x00002f78      0x49c c:/altera/13.0/nios2eds/bin/gnu/h-i686-mingw32/bin/../lib/gcc/nios2-elf/4.1.2/../../../../nios2-elf/lib/mno-hw-mul\libc.a(lib_a-fvwrite.o)
                0x00002f78                __sfvwrite_r
 .text          0x00003414        0x0 c:/altera/13.0/nios2eds/bin/gnu/h-i686-mingw32/bin/../lib/gcc/nios2-elf/4.1.2/../../../../nios2-elf/lib/mno-hw-mul\libc.a(lib_a-impure.o)
 .text          0x00003414        0x0 c:/altera/13.0/nios2eds/bin/gnu/h-i686-mingw32/bin/../lib/gcc/nios2-elf/4.1.2/../../../../nios2-elf/lib/mno-hw-mul\libc.a(lib_a-int_errno.o)
 .text          0x00003414      0x740 c:/altera/13.0/nios2eds/bin/gnu/h-i686-mingw32/bin/../lib/gcc/nios2-elf/4.1.2/../../../../nios2-elf/lib/mno-hw-mul\libc.a(lib_a-mallocr.o)
                0x00003414                _malloc_r
 .text          0x00003b54       0xe4 c:/altera/13.0/nios2eds/bin/gnu/h-i686-mingw32/bin/../lib/gcc/nios2-elf/4.1.2/../../../../nios2-elf/lib/mno-hw-mul\libc.a(lib_a-memchr.o)
                0x00003b54                memchr
 .text          0x00003c38       0x74 c:/altera/13.0/nios2eds/bin/gnu/h-i686-mingw32/bin/../lib/gcc/nios2-elf/4.1.2/../../../../nios2-elf/lib/mno-hw-mul\libc.a(lib_a-memcmp.o)
                0x00003c38                memcmp
 .text          0x00003cac       0xa0 c:/altera/13.0/nios2eds/bin/gnu/h-i686-mingw32/bin/../lib/gcc/nios2-elf/4.1.2/../../../../nios2-elf/lib/mno-hw-mul\libc.a(lib_a-memcpy.o)
                0x00003cac                memcpy
 .text          0x00003d4c       0xe0 c:/altera/13.0/nios2eds/bin/gnu/h-i686-mingw32/bin/../lib/gcc/nios2-elf/4.1.2/../../../../nios2-elf/lib/mno-hw-mul\libc.a(lib_a-memmove.o)
                0x00003d4c                memmove
 .text          0x00003e2c      0x5f4 c:/altera/13.0/nios2eds/bin/gnu/h-i686-mingw32/bin/../lib/gcc/nios2-elf/4.1.2/../../../../nios2-elf/lib/mno-hw-mul\libc.a(lib_a-reallocr.o)
                0x00003e2c                _realloc_r
 .text          0x00004420       0x70 c:/altera/13.0/nios2eds/bin/gnu/h-i686-mingw32/bin/../lib/gcc/nios2-elf/4.1.2/../../../../nios2-elf/lib/mno-hw-mul\libc.a(lib_a-sbrkr.o)
                0x00004420                _sbrk_r
 .text          0x00004490       0x74 c:/altera/13.0/nios2eds/bin/gnu/h-i686-mingw32/bin/../lib/gcc/nios2-elf/4.1.2/../../../../nios2-elf/lib/mno-hw-mul\libc.a(lib_a-strlen.o)
                0x00004490                strlen
 .text          0x00004504      0x13c c:/altera/13.0/nios2eds/bin/gnu/h-i686-mingw32/bin/../lib/gcc/nios2-elf/4.1.2/../../../../nios2-elf/lib/mno-hw-mul\libc.a(lib_a-wsetup.o)
                0x00004504                __swsetup_r
 .text          0x00004640      0x134 c:/altera/13.0/nios2eds/bin/gnu/h-i686-mingw32/bin/../lib/gcc/nios2-elf/4.1.2/../../../../nios2-elf/lib/mno-hw-mul\libc.a(lib_a-__atexit.o)
                0x00004640                __register_exitproc
 .text          0x00004774      0x1b4 c:/altera/13.0/nios2eds/bin/gnu/h-i686-mingw32/bin/../lib/gcc/nios2-elf/4.1.2/../../../../nios2-elf/lib/mno-hw-mul\libc.a(lib_a-__call_atexit.o)
                0x00004778                __call_exitprocs
 .text          0x00004928      0x230 c:/altera/13.0/nios2eds/bin/gnu/h-i686-mingw32/bin/../lib/gcc/nios2-elf/4.1.2/../../../../nios2-elf/lib/mno-hw-mul\libc.a(lib_a-fflush.o)
                0x00004928                _fflush_r
                0x00004b24                fflush
 .text          0x00004b58      0x2f4 c:/altera/13.0/nios2eds/bin/gnu/h-i686-mingw32/bin/../lib/gcc/nios2-elf/4.1.2/../../../../nios2-elf/lib/mno-hw-mul\libc.a(lib_a-findfp.o)
                0x00004bb0                __sfp_lock_acquire
                0x00004bb4                __sfp_lock_release
                0x00004bb8                __sinit_lock_acquire
                0x00004bbc                __sinit_lock_release
                0x00004bc0                __sinit
                0x00004c74                __fp_unlock_all
                0x00004c8c                __fp_lock_all
                0x00004ca4                _cleanup_r
                0x00004cb0                _cleanup
                0x00004cc0                __sfmoreglue
                0x00004d5c                __sfp
 .text          0x00004e4c      0x440 c:/altera/13.0/nios2eds/bin/gnu/h-i686-mingw32/bin/../lib/gcc/nios2-elf/4.1.2/../../../../nios2-elf/lib/mno-hw-mul\libc.a(lib_a-freer.o)
                0x00004e4c                _malloc_trim_r
                0x00004f78                _free_r
 .text          0x0000528c      0x180 c:/altera/13.0/nios2eds/bin/gnu/h-i686-mingw32/bin/../lib/gcc/nios2-elf/4.1.2/../../../../nios2-elf/lib/mno-hw-mul\libc.a(lib_a-fwalk.o)
                0x0000528c                _fwalk_reent
                0x00005354                _fwalk
 .text          0x0000540c      0x194 c:/altera/13.0/nios2eds/bin/gnu/h-i686-mingw32/bin/../lib/gcc/nios2-elf/4.1.2/../../../../nios2-elf/lib/mno-hw-mul\libc.a(lib_a-makebuf.o)
                0x0000540c                __smakebuf_r
 .text          0x000055a0       0x98 c:/altera/13.0/nios2eds/bin/gnu/h-i686-mingw32/bin/../lib/gcc/nios2-elf/4.1.2/../../../../nios2-elf/lib/mno-hw-mul\libc.a(lib_a-memset.o)
                0x000055a0                memset
 .text          0x00005638      0x14c c:/altera/13.0/nios2eds/bin/gnu/h-i686-mingw32/bin/../lib/gcc/nios2-elf/4.1.2/../../../../nios2-elf/lib/mno-hw-mul\libc.a(lib_a-stdio.o)
                0x00005638                __sclose
                0x00005640                __sseek
                0x000056a8                __swrite
                0x00005724                __sread
 .text          0x00005784       0x78 c:/altera/13.0/nios2eds/bin/gnu/h-i686-mingw32/bin/../lib/gcc/nios2-elf/4.1.2/../../../../nios2-elf/lib/mno-hw-mul\libc.a(lib_a-writer.o)
                0x00005784                _write_r
 .text          0x000057fc       0x70 c:/altera/13.0/nios2eds/bin/gnu/h-i686-mingw32/bin/../lib/gcc/nios2-elf/4.1.2/../../../../nios2-elf/lib/mno-hw-mul\libc.a(lib_a-closer.o)
                0x000057fc                _close_r
 .text          0x0000586c      0x124 c:/altera/13.0/nios2eds/bin/gnu/h-i686-mingw32/bin/../lib/gcc/nios2-elf/4.1.2/../../../../nios2-elf/lib/mno-hw-mul\libc.a(lib_a-fclose.o)
                0x0000586c                _fclose_r
                0x0000597c                fclose
 .text          0x00005990       0x74 c:/altera/13.0/nios2eds/bin/gnu/h-i686-mingw32/bin/../lib/gcc/nios2-elf/4.1.2/../../../../nios2-elf/lib/mno-hw-mul\libc.a(lib_a-fstatr.o)
                0x00005990                _fstat_r
 .text          0x00005a04       0x70 c:/altera/13.0/nios2eds/bin/gnu/h-i686-mingw32/bin/../lib/gcc/nios2-elf/4.1.2/../../../../nios2-elf/lib/mno-hw-mul\libc.a(lib_a-isattyr.o)
                0x00005a04                _isatty_r
 .text          0x00005a74       0x78 c:/altera/13.0/nios2eds/bin/gnu/h-i686-mingw32/bin/../lib/gcc/nios2-elf/4.1.2/../../../../nios2-elf/lib/mno-hw-mul\libc.a(lib_a-lseekr.o)
                0x00005a74                _lseek_r
 .text          0x00005aec       0x78 c:/altera/13.0/nios2eds/bin/gnu/h-i686-mingw32/bin/../lib/gcc/nios2-elf/4.1.2/../../../../nios2-elf/lib/mno-hw-mul\libc.a(lib_a-readr.o)
                0x00005aec                _read_r
 .text          0x00005b64       0x38 c:/altera/13.0/nios2eds/bin/gnu/h-i686-mingw32/bin/../lib/gcc/nios2-elf/4.1.2/mno-hw-mul\libgcc.a(lib2-mul.o)
                0x00005b64                __mulsi3
 .text          0x00005b9c       0x60 ../proj_nios_bsp/\libhal_bsp.a(alt_exit.o)
                0x00005bdc                _exit
 .text          0x00005bfc      0x138 ../proj_nios_bsp/\libhal_bsp.a(alt_fstat.o)
                0x00005bfc                fstat
 .text          0x00005d34      0x124 ../proj_nios_bsp/\libhal_bsp.a(alt_isatty.o)
                0x00005d34                isatty
 .text          0x00005e58      0x154 ../proj_nios_bsp/\libhal_bsp.a(alt_lseek.o)
                0x00005e58                lseek
 .text          0x00005fac       0x40 ../proj_nios_bsp/\libhal_bsp.a(alt_malloc_lock.o)
                0x00005fac                __malloc_lock
                0x00005fcc                __malloc_unlock
 .text          0x00005fec      0x184 ../proj_nios_bsp/\libhal_bsp.a(alt_read.o)
                0x00005fec                read
 .text          0x00006170       0xbc ../proj_nios_bsp/\libhal_bsp.a(alt_sbrk.o)
                0x00006170                sbrk
 .text          0x0000622c      0x184 ../proj_nios_bsp/\libhal_bsp.a(alt_write.o)
                0x0000622c                write
 *(.gnu.warning.*)
 *(.fini)
                0x000063b0                PROVIDE (__etext, ABSOLUTE (.))
                0x000063b0                PROVIDE (_etext, ABSOLUTE (.))
                0x000063b0                PROVIDE (etext, ABSOLUTE (.))
 *(.eh_frame_hdr)
                0x000063b0                . = ALIGN (0x4)
                0x000063b0                PROVIDE (__preinit_array_start, ABSOLUTE (.))
 *(.preinit_array)
                0x000063b0                PROVIDE (__preinit_array_end, ABSOLUTE (.))
                0x000063b0                PROVIDE (__init_array_start, ABSOLUTE (.))
 *(.init_array)
                0x000063b0                PROVIDE (__init_array_end, ABSOLUTE (.))
                0x000063b0                PROVIDE (__fini_array_start, ABSOLUTE (.))
 *(.fini_array)
                0x000063b0                PROVIDE (__fini_array_end, ABSOLUTE (.))
 *(.eh_frame)
 *(.gcc_except_table)
 *(.dynamic)
                0x000063b0                PROVIDE (__CTOR_LIST__, ABSOLUTE (.))
 *(.ctors)
 *(SORT(.ctors.*))
 .ctors.65535   0x000063b0        0x4 c:/altera/13.0/nios2eds/bin/gnu/h-i686-mingw32/bin/../lib/gcc/nios2-elf/4.1.2/../../../../nios2-elf/lib/mno-hw-mul\libc.a(lib_a-__call_atexit.o)
                0x000063b4                PROVIDE (__CTOR_END__, ABSOLUTE (.))
                0x000063b4                PROVIDE (__DTOR_LIST__, ABSOLUTE (.))
 *(.dtors)
 *(SORT(.dtors.*))
                0x000063b4                PROVIDE (__DTOR_END__, ABSOLUTE (.))
 *(.jcr)
                0x000063b4                . = ALIGN (0x4)

.rodata         0x000063b4       0x50
                0x000063b4                PROVIDE (__ram_rodata_start, ABSOLUTE (.))
                0x000063b4                . = ALIGN (0x4)
 *(.rodata .rodata.* .gnu.linkonce.r.*)
 .rodata        0x000063b4       0x18 obj/default/hello_world.o
 .rodata        0x000063cc       0x14 ../proj_nios_bsp/\libhal_bsp.a(alt_main.o)
 .rodata        0x000063e0       0x14 ../proj_nios_bsp/\libhal_bsp.a(alt_sys_init.o)
 .rodata        0x000063f4        0xc ../proj_nios_bsp/\libhal_bsp.a(alt_dev.o)
 .rodata.str1.4
                0x00006400        0x4 c:/altera/13.0/nios2eds/bin/gnu/h-i686-mingw32/bin/../lib/gcc/nios2-elf/4.1.2/../../../../nios2-elf/lib/mno-hw-mul\libc.a(lib_a-impure.o)
 *(.rodata1)
                0x00006404                . = ALIGN (0x4)
                0x00006404                PROVIDE (__ram_rodata_end, ABSOLUTE (.))
                0x000063b4                PROVIDE (__flash_rodata_start, LOADADDR (.rodata))

.rwdata         0x00006404     0x1a48 load address 0x00007e4c
                0x00006404                PROVIDE (__ram_rwdata_start, ABSOLUTE (.))
                0x00006404                . = ALIGN (0x4)
 *(.got.plt)
 *(.got)
 *(.data1)
 *(.data .data.* .gnu.linkonce.d.*)
 .data          0x00006404        0x0 ../proj_nios_bsp//obj/HAL/src/crt0.o
 .data          0x00006404        0x0 obj/default/hello_world.o
 .data          0x00006404        0x0 ../proj_nios_bsp/\libhal_bsp.a(alt_load.o)
 .data          0x00006404        0x0 ../proj_nios_bsp/\libhal_bsp.a(alt_main.o)
 .data          0x00006404        0x0 ../proj_nios_bsp/\libhal_bsp.a(alt_putstr.o)
 .data          0x00006404     0x1060 ../proj_nios_bsp/\libhal_bsp.a(alt_sys_init.o)
 .data          0x00007464        0x0 ../proj_nios_bsp/\libhal_bsp.a(altera_avalon_jtag_uart_fd.o)
 .data          0x00007464        0x0 ../proj_nios_bsp/\libhal_bsp.a(altera_avalon_jtag_uart_init.o)
 .data          0x00007464        0x0 ../proj_nios_bsp/\libhal_bsp.a(altera_avalon_jtag_uart_ioctl.o)
 .data          0x00007464        0x0 ../proj_nios_bsp/\libhal_bsp.a(altera_avalon_jtag_uart_read.o)
 .data          0x00007464        0x0 ../proj_nios_bsp/\libhal_bsp.a(altera_avalon_jtag_uart_write.o)
 .data          0x00007464        0x0 ../proj_nios_bsp/\libhal_bsp.a(alt_alarm_start.o)
 .data          0x00007464        0x0 ../proj_nios_bsp/\libhal_bsp.a(alt_close.o)
 .data          0x00007464        0x0 ../proj_nios_bsp/\libhal_bsp.a(alt_dcache_flush_all.o)
 .data          0x00007464      0x1a8 ../proj_nios_bsp/\libhal_bsp.a(alt_dev.o)
                0x00007464                alt_dev_null
                0x0000748c                alt_fd_list
 .data          0x0000760c        0x0 ../proj_nios_bsp/\libhal_bsp.a(alt_dev_llist_insert.o)
 .data          0x0000760c        0x0 ../proj_nios_bsp/\libhal_bsp.a(alt_do_ctors.o)
 .data          0x0000760c        0x0 ../proj_nios_bsp/\libhal_bsp.a(alt_do_dtors.o)
 .data          0x0000760c        0x0 ../proj_nios_bsp/\libhal_bsp.a(alt_errno.o)
 .data          0x0000760c        0x0 ../proj_nios_bsp/\libhal_bsp.a(alt_icache_flush_all.o)
 .data          0x0000760c        0x0 ../proj_nios_bsp/\libhal_bsp.a(alt_io_redirect.o)
 .data          0x0000760c        0x0 ../proj_nios_bsp/\libhal_bsp.a(alt_irq_register.o)
 .data          0x0000760c        0x0 ../proj_nios_bsp/\libhal_bsp.a(alt_irq_vars.o)
 .data          0x0000760c        0x0 ../proj_nios_bsp/\libhal_bsp.a(alt_open.o)
 .data          0x0000760c        0x0 ../proj_nios_bsp/\libhal_bsp.a(alt_release_fd.o)
 .data          0x0000760c        0x0 ../proj_nios_bsp/\libhal_bsp.a(alt_tick.o)
 .data          0x0000760c        0x0 ../proj_nios_bsp/\libhal_bsp.a(altera_nios2_qsys_irq.o)
 .data          0x0000760c        0x0 ../proj_nios_bsp/\libhal_bsp.a(alt_find_dev.o)
 .data          0x0000760c        0x0 ../proj_nios_bsp/\libhal_bsp.a(alt_find_file.o)
 .data          0x0000760c        0x0 ../proj_nios_bsp/\libhal_bsp.a(alt_get_fd.o)
 .data          0x0000760c        0x0 ../proj_nios_bsp/\libhal_bsp.a(alt_irq_entry.o)
 .data          0x0000760c        0x0 ../proj_nios_bsp/\libhal_bsp.a(alt_irq_handler.o)
 .data          0x0000760c        0x0 ../proj_nios_bsp/\libhal_bsp.a(alt_exception_entry.o)
 .data          0x0000760c        0x0 c:/altera/13.0/nios2eds/bin/gnu/h-i686-mingw32/bin/../lib/gcc/nios2-elf/4.1.2/../../../../nios2-elf/lib/mno-hw-mul\libc.a(lib_a-atexit.o)
 .data          0x0000760c        0x0 c:/altera/13.0/nios2eds/bin/gnu/h-i686-mingw32/bin/../lib/gcc/nios2-elf/4.1.2/../../../../nios2-elf/lib/mno-hw-mul\libc.a(lib_a-exit.o)
 .data          0x0000760c        0x0 c:/altera/13.0/nios2eds/bin/gnu/h-i686-mingw32/bin/../lib/gcc/nios2-elf/4.1.2/../../../../nios2-elf/lib/mno-hw-mul\libc.a(lib_a-fputs.o)
 .data          0x0000760c        0x0 c:/altera/13.0/nios2eds/bin/gnu/h-i686-mingw32/bin/../lib/gcc/nios2-elf/4.1.2/../../../../nios2-elf/lib/mno-hw-mul\libc.a(lib_a-fvwrite.o)
 .data          0x0000760c      0x400 c:/altera/13.0/nios2eds/bin/gnu/h-i686-mingw32/bin/../lib/gcc/nios2-elf/4.1.2/../../../../nios2-elf/lib/mno-hw-mul\libc.a(lib_a-impure.o)
 .data          0x00007a0c        0x0 c:/altera/13.0/nios2eds/bin/gnu/h-i686-mingw32/bin/../lib/gcc/nios2-elf/4.1.2/../../../../nios2-elf/lib/mno-hw-mul\libc.a(lib_a-int_errno.o)
 .data          0x00007a0c      0x408 c:/altera/13.0/nios2eds/bin/gnu/h-i686-mingw32/bin/../lib/gcc/nios2-elf/4.1.2/../../../../nios2-elf/lib/mno-hw-mul\libc.a(lib_a-mallocr.o)
                0x00007a0c                __malloc_av_
 .data          0x00007e14        0x0 c:/altera/13.0/nios2eds/bin/gnu/h-i686-mingw32/bin/../lib/gcc/nios2-elf/4.1.2/../../../../nios2-elf/lib/mno-hw-mul\libc.a(lib_a-memchr.o)
 .data          0x00007e14        0x0 c:/altera/13.0/nios2eds/bin/gnu/h-i686-mingw32/bin/../lib/gcc/nios2-elf/4.1.2/../../../../nios2-elf/lib/mno-hw-mul\libc.a(lib_a-memcmp.o)
 .data          0x00007e14        0x0 c:/altera/13.0/nios2eds/bin/gnu/h-i686-mingw32/bin/../lib/gcc/nios2-elf/4.1.2/../../../../nios2-elf/lib/mno-hw-mul\libc.a(lib_a-memcpy.o)
 .data          0x00007e14        0x0 c:/altera/13.0/nios2eds/bin/gnu/h-i686-mingw32/bin/../lib/gcc/nios2-elf/4.1.2/../../../../nios2-elf/lib/mno-hw-mul\libc.a(lib_a-memmove.o)
 .data          0x00007e14        0x0 c:/altera/13.0/nios2eds/bin/gnu/h-i686-mingw32/bin/../lib/gcc/nios2-elf/4.1.2/../../../../nios2-elf/lib/mno-hw-mul\libc.a(lib_a-reallocr.o)
 .data          0x00007e14        0x0 c:/altera/13.0/nios2eds/bin/gnu/h-i686-mingw32/bin/../lib/gcc/nios2-elf/4.1.2/../../../../nios2-elf/lib/mno-hw-mul\libc.a(lib_a-sbrkr.o)
 .data          0x00007e14        0x0 c:/altera/13.0/nios2eds/bin/gnu/h-i686-mingw32/bin/../lib/gcc/nios2-elf/4.1.2/../../../../nios2-elf/lib/mno-hw-mul\libc.a(lib_a-strlen.o)
 .data          0x00007e14        0x0 c:/altera/13.0/nios2eds/bin/gnu/h-i686-mingw32/bin/../lib/gcc/nios2-elf/4.1.2/../../../../nios2-elf/lib/mno-hw-mul\libc.a(lib_a-wsetup.o)
 .data          0x00007e14        0x0 c:/altera/13.0/nios2eds/bin/gnu/h-i686-mingw32/bin/../lib/gcc/nios2-elf/4.1.2/../../../../nios2-elf/lib/mno-hw-mul\libc.a(lib_a-__atexit.o)
 .data          0x00007e14        0x0 c:/altera/13.0/nios2eds/bin/gnu/h-i686-mingw32/bin/../lib/gcc/nios2-elf/4.1.2/../../../../nios2-elf/lib/mno-hw-mul\libc.a(lib_a-__call_atexit.o)
 .data          0x00007e14        0x0 c:/altera/13.0/nios2eds/bin/gnu/h-i686-mingw32/bin/../lib/gcc/nios2-elf/4.1.2/../../../../nios2-elf/lib/mno-hw-mul\libc.a(lib_a-fflush.o)
 .data          0x00007e14        0x0 c:/altera/13.0/nios2eds/bin/gnu/h-i686-mingw32/bin/../lib/gcc/nios2-elf/4.1.2/../../../../nios2-elf/lib/mno-hw-mul\libc.a(lib_a-findfp.o)
 .data          0x00007e14        0x0 c:/altera/13.0/nios2eds/bin/gnu/h-i686-mingw32/bin/../lib/gcc/nios2-elf/4.1.2/../../../../nios2-elf/lib/mno-hw-mul\libc.a(lib_a-freer.o)
 .data          0x00007e14        0x0 c:/altera/13.0/nios2eds/bin/gnu/h-i686-mingw32/bin/../lib/gcc/nios2-elf/4.1.2/../../../../nios2-elf/lib/mno-hw-mul\libc.a(lib_a-fwalk.o)
 .data          0x00007e14        0x0 c:/altera/13.0/nios2eds/bin/gnu/h-i686-mingw32/bin/../lib/gcc/nios2-elf/4.1.2/../../../../nios2-elf/lib/mno-hw-mul\libc.a(lib_a-makebuf.o)
 .data          0x00007e14        0x0 c:/altera/13.0/nios2eds/bin/gnu/h-i686-mingw32/bin/../lib/gcc/nios2-elf/4.1.2/../../../../nios2-elf/lib/mno-hw-mul\libc.a(lib_a-memset.o)
 .data          0x00007e14        0x0 c:/altera/13.0/nios2eds/bin/gnu/h-i686-mingw32/bin/../lib/gcc/nios2-elf/4.1.2/../../../../nios2-elf/lib/mno-hw-mul\libc.a(lib_a-stdio.o)
 .data          0x00007e14        0x0 c:/altera/13.0/nios2eds/bin/gnu/h-i686-mingw32/bin/../lib/gcc/nios2-elf/4.1.2/../../../../nios2-elf/lib/mno-hw-mul\libc.a(lib_a-writer.o)
 .data          0x00007e14        0x0 c:/altera/13.0/nios2eds/bin/gnu/h-i686-mingw32/bin/../lib/gcc/nios2-elf/4.1.2/../../../../nios2-elf/lib/mno-hw-mul\libc.a(lib_a-closer.o)
 .data          0x00007e14        0x0 c:/altera/13.0/nios2eds/bin/gnu/h-i686-mingw32/bin/../lib/gcc/nios2-elf/4.1.2/../../../../nios2-elf/lib/mno-hw-mul\libc.a(lib_a-fclose.o)
 .data          0x00007e14        0x0 c:/altera/13.0/nios2eds/bin/gnu/h-i686-mingw32/bin/../lib/gcc/nios2-elf/4.1.2/../../../../nios2-elf/lib/mno-hw-mul\libc.a(lib_a-fstatr.o)
 .data          0x00007e14        0x0 c:/altera/13.0/nios2eds/bin/gnu/h-i686-mingw32/bin/../lib/gcc/nios2-elf/4.1.2/../../../../nios2-elf/lib/mno-hw-mul\libc.a(lib_a-isattyr.o)
 .data          0x00007e14        0x0 c:/altera/13.0/nios2eds/bin/gnu/h-i686-mingw32/bin/../lib/gcc/nios2-elf/4.1.2/../../../../nios2-elf/lib/mno-hw-mul\libc.a(lib_a-lseekr.o)
 .data          0x00007e14        0x0 c:/altera/13.0/nios2eds/bin/gnu/h-i686-mingw32/bin/../lib/gcc/nios2-elf/4.1.2/../../../../nios2-elf/lib/mno-hw-mul\libc.a(lib_a-readr.o)
 .data          0x00007e14        0x0 c:/altera/13.0/nios2eds/bin/gnu/h-i686-mingw32/bin/../lib/gcc/nios2-elf/4.1.2/mno-hw-mul\libgcc.a(lib2-mul.o)
 .data          0x00007e14        0x0 ../proj_nios_bsp/\libhal_bsp.a(alt_exit.o)
 .data          0x00007e14        0x0 ../proj_nios_bsp/\libhal_bsp.a(alt_fstat.o)
 .data          0x00007e14        0x0 ../proj_nios_bsp/\libhal_bsp.a(alt_isatty.o)
 .data          0x00007e14        0x0 ../proj_nios_bsp/\libhal_bsp.a(alt_lseek.o)
 .data          0x00007e14        0x0 ../proj_nios_bsp/\libhal_bsp.a(alt_malloc_lock.o)
 .data          0x00007e14        0x0 ../proj_nios_bsp/\libhal_bsp.a(alt_read.o)
 .data          0x00007e14        0x0 ../proj_nios_bsp/\libhal_bsp.a(alt_sbrk.o)
 .data          0x00007e14        0x0 ../proj_nios_bsp/\libhal_bsp.a(alt_write.o)
                0x0000fe14                _gp = ABSOLUTE ((. + 0x8000))
                0x0000fe14                PROVIDE (gp, _gp)
 *(.rwdata .rwdata.*)
 *(.sdata .sdata.* .gnu.linkonce.s.*)
 .sdata         0x00007e14       0x14 ../proj_nios_bsp/\libhal_bsp.a(alt_dev.o)
                0x00007e14                alt_fs_list
                0x00007e1c                alt_dev_list
                0x00007e24                alt_max_fd
 .sdata         0x00007e28        0x4 ../proj_nios_bsp/\libhal_bsp.a(alt_errno.o)
                0x00007e28                alt_errno
 .sdata         0x00007e2c        0x4 ../proj_nios_bsp/\libhal_bsp.a(alt_irq_vars.o)
                0x00007e2c                alt_priority_mask
 .sdata         0x00007e30        0x8 ../proj_nios_bsp/\libhal_bsp.a(alt_tick.o)
                0x00007e30                alt_alarm_list
 .sdata         0x00007e38        0x8 c:/altera/13.0/nios2eds/bin/gnu/h-i686-mingw32/bin/../lib/gcc/nios2-elf/4.1.2/../../../../nios2-elf/lib/mno-hw-mul\libc.a(lib_a-impure.o)
                0x00007e38                _impure_ptr
                0x00007e3c                _global_impure_ptr
 .sdata         0x00007e40        0x8 c:/altera/13.0/nios2eds/bin/gnu/h-i686-mingw32/bin/../lib/gcc/nios2-elf/4.1.2/../../../../nios2-elf/lib/mno-hw-mul\libc.a(lib_a-mallocr.o)
                0x00007e40                __malloc_trim_threshold
                0x00007e44                __malloc_sbrk_base
 .sdata         0x00007e48        0x4 ../proj_nios_bsp/\libhal_bsp.a(alt_sbrk.o)
 *(.sdata2 .sdata2.* .gnu.linkonce.s2.*)
                0x00007e4c                . = ALIGN (0x4)
                0x00007e4c                _edata = ABSOLUTE (.)
                0x00007e4c                PROVIDE (edata, ABSOLUTE (.))
                0x00007e4c                PROVIDE (__ram_rwdata_end, ABSOLUTE (.))
                0x00007e4c                PROVIDE (__flash_rwdata_start, LOADADDR (.rwdata))

.bss            0x00009894      0x2e0
                0x00009894                __bss_start = ABSOLUTE (.)
                0x00009894                PROVIDE (__sbss_start, ABSOLUTE (.))
                0x00009894                PROVIDE (___sbss_start, ABSOLUTE (.))
 *(.dynsbss)
 *(.sbss .sbss.* .gnu.linkonce.sb.*)
 .sbss          0x00009894        0xc ../proj_nios_bsp/\libhal_bsp.a(alt_main.o)
                0x00009894                alt_argc
                0x00009898                alt_argv
                0x0000989c                alt_envp
 .sbss          0x000098a0        0x4 ../proj_nios_bsp/\libhal_bsp.a(alt_irq_vars.o)
                0x000098a0                alt_irq_active
 .sbss          0x000098a4        0x8 ../proj_nios_bsp/\libhal_bsp.a(alt_tick.o)
                0x000098a4                _alt_tick_rate
                0x000098a8                _alt_nticks
 .sbss          0x000098ac        0x4 c:/altera/13.0/nios2eds/bin/gnu/h-i686-mingw32/bin/../lib/gcc/nios2-elf/4.1.2/../../../../nios2-elf/lib/mno-hw-mul\libc.a(lib_a-int_errno.o)
                0x000098ac                errno
 .sbss          0x000098b0        0xc c:/altera/13.0/nios2eds/bin/gnu/h-i686-mingw32/bin/../lib/gcc/nios2-elf/4.1.2/../../../../nios2-elf/lib/mno-hw-mul\libc.a(lib_a-mallocr.o)
                0x000098b0                __malloc_top_pad
                0x000098b4                __malloc_max_sbrked_mem
                0x000098b8                __malloc_max_total_mem
 *(.sbss2 .sbss2.* .gnu.linkonce.sb2.*)
 *(.scommon)
                0x000098bc                PROVIDE (__sbss_end, ABSOLUTE (.))
                0x000098bc                PROVIDE (___sbss_end, ABSOLUTE (.))
 *(.dynbss)
 *(.bss .bss.* .gnu.linkonce.b.*)
 .bss           0x000098bc        0x0 ../proj_nios_bsp//obj/HAL/src/crt0.o
 .bss           0x000098bc        0x0 obj/default/hello_world.o
 .bss           0x000098bc        0x0 ../proj_nios_bsp/\libhal_bsp.a(alt_load.o)
 .bss           0x000098bc        0x0 ../proj_nios_bsp/\libhal_bsp.a(alt_main.o)
 .bss           0x000098bc        0x0 ../proj_nios_bsp/\libhal_bsp.a(alt_putstr.o)
 .bss           0x000098bc        0x0 ../proj_nios_bsp/\libhal_bsp.a(alt_sys_init.o)
 .bss           0x000098bc        0x0 ../proj_nios_bsp/\libhal_bsp.a(altera_avalon_jtag_uart_fd.o)
 .bss           0x000098bc        0x0 ../proj_nios_bsp/\libhal_bsp.a(altera_avalon_jtag_uart_init.o)
 .bss           0x000098bc        0x0 ../proj_nios_bsp/\libhal_bsp.a(altera_avalon_jtag_uart_ioctl.o)
 .bss           0x000098bc        0x0 ../proj_nios_bsp/\libhal_bsp.a(altera_avalon_jtag_uart_read.o)
 .bss           0x000098bc        0x0 ../proj_nios_bsp/\libhal_bsp.a(altera_avalon_jtag_uart_write.o)
 .bss           0x000098bc        0x0 ../proj_nios_bsp/\libhal_bsp.a(alt_alarm_start.o)
 .bss           0x000098bc        0x0 ../proj_nios_bsp/\libhal_bsp.a(alt_close.o)
 .bss           0x000098bc        0x0 ../proj_nios_bsp/\libhal_bsp.a(alt_dcache_flush_all.o)
 .bss           0x000098bc        0x0 ../proj_nios_bsp/\libhal_bsp.a(alt_dev.o)
 .bss           0x000098bc        0x0 ../proj_nios_bsp/\libhal_bsp.a(alt_dev_llist_insert.o)
 .bss           0x000098bc        0x0 ../proj_nios_bsp/\libhal_bsp.a(alt_do_ctors.o)
 .bss           0x000098bc        0x0 ../proj_nios_bsp/\libhal_bsp.a(alt_do_dtors.o)
 .bss           0x000098bc        0x0 ../proj_nios_bsp/\libhal_bsp.a(alt_errno.o)
 .bss           0x000098bc        0x0 ../proj_nios_bsp/\libhal_bsp.a(alt_icache_flush_all.o)
 .bss           0x000098bc        0x0 ../proj_nios_bsp/\libhal_bsp.a(alt_io_redirect.o)
 .bss           0x000098bc        0x0 ../proj_nios_bsp/\libhal_bsp.a(alt_irq_register.o)
 .bss           0x000098bc        0x0 ../proj_nios_bsp/\libhal_bsp.a(alt_irq_vars.o)
 .bss           0x000098bc        0x0 ../proj_nios_bsp/\libhal_bsp.a(alt_open.o)
 .bss           0x000098bc        0x0 ../proj_nios_bsp/\libhal_bsp.a(alt_release_fd.o)
 .bss           0x000098bc        0x0 ../proj_nios_bsp/\libhal_bsp.a(alt_tick.o)
 .bss           0x000098bc        0x0 ../proj_nios_bsp/\libhal_bsp.a(altera_nios2_qsys_irq.o)
 .bss           0x000098bc        0x0 ../proj_nios_bsp/\libhal_bsp.a(alt_find_dev.o)
 .bss           0x000098bc        0x0 ../proj_nios_bsp/\libhal_bsp.a(alt_find_file.o)
 .bss           0x000098bc        0x0 ../proj_nios_bsp/\libhal_bsp.a(alt_get_fd.o)
 .bss           0x000098bc        0x0 ../proj_nios_bsp/\libhal_bsp.a(alt_irq_entry.o)
 .bss           0x000098bc        0x0 ../proj_nios_bsp/\libhal_bsp.a(alt_irq_handler.o)
 .bss           0x000098bc        0x0 ../proj_nios_bsp/\libhal_bsp.a(alt_exception_entry.o)
 .bss           0x000098bc        0x0 c:/altera/13.0/nios2eds/bin/gnu/h-i686-mingw32/bin/../lib/gcc/nios2-elf/4.1.2/../../../../nios2-elf/lib/mno-hw-mul\libc.a(lib_a-atexit.o)
 .bss           0x000098bc        0x0 c:/altera/13.0/nios2eds/bin/gnu/h-i686-mingw32/bin/../lib/gcc/nios2-elf/4.1.2/../../../../nios2-elf/lib/mno-hw-mul\libc.a(lib_a-exit.o)
 .bss           0x000098bc        0x0 c:/altera/13.0/nios2eds/bin/gnu/h-i686-mingw32/bin/../lib/gcc/nios2-elf/4.1.2/../../../../nios2-elf/lib/mno-hw-mul\libc.a(lib_a-fputs.o)
 .bss           0x000098bc        0x0 c:/altera/13.0/nios2eds/bin/gnu/h-i686-mingw32/bin/../lib/gcc/nios2-elf/4.1.2/../../../../nios2-elf/lib/mno-hw-mul\libc.a(lib_a-fvwrite.o)
 .bss           0x000098bc        0x0 c:/altera/13.0/nios2eds/bin/gnu/h-i686-mingw32/bin/../lib/gcc/nios2-elf/4.1.2/../../../../nios2-elf/lib/mno-hw-mul\libc.a(lib_a-impure.o)
 .bss           0x000098bc        0x0 c:/altera/13.0/nios2eds/bin/gnu/h-i686-mingw32/bin/../lib/gcc/nios2-elf/4.1.2/../../../../nios2-elf/lib/mno-hw-mul\libc.a(lib_a-int_errno.o)
 .bss           0x000098bc       0x28 c:/altera/13.0/nios2eds/bin/gnu/h-i686-mingw32/bin/../lib/gcc/nios2-elf/4.1.2/../../../../nios2-elf/lib/mno-hw-mul\libc.a(lib_a-mallocr.o)
                0x000098bc                __malloc_current_mallinfo
 .bss           0x000098e4        0x0 c:/altera/13.0/nios2eds/bin/gnu/h-i686-mingw32/bin/../lib/gcc/nios2-elf/4.1.2/../../../../nios2-elf/lib/mno-hw-mul\libc.a(lib_a-memchr.o)
 .bss           0x000098e4        0x0 c:/altera/13.0/nios2eds/bin/gnu/h-i686-mingw32/bin/../lib/gcc/nios2-elf/4.1.2/../../../../nios2-elf/lib/mno-hw-mul\libc.a(lib_a-memcmp.o)
 .bss           0x000098e4        0x0 c:/altera/13.0/nios2eds/bin/gnu/h-i686-mingw32/bin/../lib/gcc/nios2-elf/4.1.2/../../../../nios2-elf/lib/mno-hw-mul\libc.a(lib_a-memcpy.o)
 .bss           0x000098e4        0x0 c:/altera/13.0/nios2eds/bin/gnu/h-i686-mingw32/bin/../lib/gcc/nios2-elf/4.1.2/../../../../nios2-elf/lib/mno-hw-mul\libc.a(lib_a-memmove.o)
 .bss           0x000098e4        0x0 c:/altera/13.0/nios2eds/bin/gnu/h-i686-mingw32/bin/../lib/gcc/nios2-elf/4.1.2/../../../../nios2-elf/lib/mno-hw-mul\libc.a(lib_a-reallocr.o)
 .bss           0x000098e4        0x0 c:/altera/13.0/nios2eds/bin/gnu/h-i686-mingw32/bin/../lib/gcc/nios2-elf/4.1.2/../../../../nios2-elf/lib/mno-hw-mul\libc.a(lib_a-sbrkr.o)
 .bss           0x000098e4        0x0 c:/altera/13.0/nios2eds/bin/gnu/h-i686-mingw32/bin/../lib/gcc/nios2-elf/4.1.2/../../../../nios2-elf/lib/mno-hw-mul\libc.a(lib_a-strlen.o)
 .bss           0x000098e4        0x0 c:/altera/13.0/nios2eds/bin/gnu/h-i686-mingw32/bin/../lib/gcc/nios2-elf/4.1.2/../../../../nios2-elf/lib/mno-hw-mul\libc.a(lib_a-wsetup.o)
 .bss           0x000098e4        0x0 c:/altera/13.0/nios2eds/bin/gnu/h-i686-mingw32/bin/../lib/gcc/nios2-elf/4.1.2/../../../../nios2-elf/lib/mno-hw-mul\libc.a(lib_a-__atexit.o)
 .bss           0x000098e4        0x0 c:/altera/13.0/nios2eds/bin/gnu/h-i686-mingw32/bin/../lib/gcc/nios2-elf/4.1.2/../../../../nios2-elf/lib/mno-hw-mul\libc.a(lib_a-__call_atexit.o)
 .bss           0x000098e4        0x0 c:/altera/13.0/nios2eds/bin/gnu/h-i686-mingw32/bin/../lib/gcc/nios2-elf/4.1.2/../../../../nios2-elf/lib/mno-hw-mul\libc.a(lib_a-fflush.o)
 .bss           0x000098e4        0x0 c:/altera/13.0/nios2eds/bin/gnu/h-i686-mingw32/bin/../lib/gcc/nios2-elf/4.1.2/../../../../nios2-elf/lib/mno-hw-mul\libc.a(lib_a-findfp.o)
 .bss           0x000098e4        0x0 c:/altera/13.0/nios2eds/bin/gnu/h-i686-mingw32/bin/../lib/gcc/nios2-elf/4.1.2/../../../../nios2-elf/lib/mno-hw-mul\libc.a(lib_a-freer.o)
 .bss           0x000098e4        0x0 c:/altera/13.0/nios2eds/bin/gnu/h-i686-mingw32/bin/../lib/gcc/nios2-elf/4.1.2/../../../../nios2-elf/lib/mno-hw-mul\libc.a(lib_a-fwalk.o)
 .bss           0x000098e4        0x0 c:/altera/13.0/nios2eds/bin/gnu/h-i686-mingw32/bin/../lib/gcc/nios2-elf/4.1.2/../../../../nios2-elf/lib/mno-hw-mul\libc.a(lib_a-makebuf.o)
 .bss           0x000098e4        0x0 c:/altera/13.0/nios2eds/bin/gnu/h-i686-mingw32/bin/../lib/gcc/nios2-elf/4.1.2/../../../../nios2-elf/lib/mno-hw-mul\libc.a(lib_a-memset.o)
 .bss           0x000098e4        0x0 c:/altera/13.0/nios2eds/bin/gnu/h-i686-mingw32/bin/../lib/gcc/nios2-elf/4.1.2/../../../../nios2-elf/lib/mno-hw-mul\libc.a(lib_a-stdio.o)
 .bss           0x000098e4        0x0 c:/altera/13.0/nios2eds/bin/gnu/h-i686-mingw32/bin/../lib/gcc/nios2-elf/4.1.2/../../../../nios2-elf/lib/mno-hw-mul\libc.a(lib_a-writer.o)
 .bss           0x000098e4        0x0 c:/altera/13.0/nios2eds/bin/gnu/h-i686-mingw32/bin/../lib/gcc/nios2-elf/4.1.2/../../../../nios2-elf/lib/mno-hw-mul\libc.a(lib_a-closer.o)
 .bss           0x000098e4        0x0 c:/altera/13.0/nios2eds/bin/gnu/h-i686-mingw32/bin/../lib/gcc/nios2-elf/4.1.2/../../../../nios2-elf/lib/mno-hw-mul\libc.a(lib_a-fclose.o)
 .bss           0x000098e4        0x0 c:/altera/13.0/nios2eds/bin/gnu/h-i686-mingw32/bin/../lib/gcc/nios2-elf/4.1.2/../../../../nios2-elf/lib/mno-hw-mul\libc.a(lib_a-fstatr.o)
 .bss           0x000098e4        0x0 c:/altera/13.0/nios2eds/bin/gnu/h-i686-mingw32/bin/../lib/gcc/nios2-elf/4.1.2/../../../../nios2-elf/lib/mno-hw-mul\libc.a(lib_a-isattyr.o)
 .bss           0x000098e4        0x0 c:/altera/13.0/nios2eds/bin/gnu/h-i686-mingw32/bin/../lib/gcc/nios2-elf/4.1.2/../../../../nios2-elf/lib/mno-hw-mul\libc.a(lib_a-lseekr.o)
 .bss           0x000098e4        0x0 c:/altera/13.0/nios2eds/bin/gnu/h-i686-mingw32/bin/../lib/gcc/nios2-elf/4.1.2/../../../../nios2-elf/lib/mno-hw-mul\libc.a(lib_a-readr.o)
 .bss           0x000098e4        0x0 c:/altera/13.0/nios2eds/bin/gnu/h-i686-mingw32/bin/../lib/gcc/nios2-elf/4.1.2/mno-hw-mul\libgcc.a(lib2-mul.o)
 .bss           0x000098e4        0x0 ../proj_nios_bsp/\libhal_bsp.a(alt_exit.o)
 .bss           0x000098e4        0x0 ../proj_nios_bsp/\libhal_bsp.a(alt_fstat.o)
 .bss           0x000098e4        0x0 ../proj_nios_bsp/\libhal_bsp.a(alt_isatty.o)
 .bss           0x000098e4        0x0 ../proj_nios_bsp/\libhal_bsp.a(alt_lseek.o)
 .bss           0x000098e4        0x0 ../proj_nios_bsp/\libhal_bsp.a(alt_malloc_lock.o)
 .bss           0x000098e4        0x0 ../proj_nios_bsp/\libhal_bsp.a(alt_read.o)
 .bss           0x000098e4        0x0 ../proj_nios_bsp/\libhal_bsp.a(alt_sbrk.o)
 .bss           0x000098e4        0x0 ../proj_nios_bsp/\libhal_bsp.a(alt_write.o)
 *(COMMON)
 COMMON         0x000098e4      0x100 ../proj_nios_bsp/\libhal_bsp.a(alt_irq_handler.o)
                0x000098e4                alt_irq
 COMMON         0x000099e4      0x190 c:/altera/13.0/nios2eds/bin/gnu/h-i686-mingw32/bin/../lib/gcc/nios2-elf/4.1.2/../../../../nios2-elf/lib/mno-hw-mul\libc.a(lib_a-atexit.o)
                0x000099e4                _atexit0
                0x00009b74                . = ALIGN (0x4)
                0x00009b74                __bss_end = ABSOLUTE (.)

.onchip_memory2_0
                0x00009b74        0x0
                0x00009b74                PROVIDE (_alt_partition_onchip_memory2_0_start, ABSOLUTE (.))
 *(.onchip_memory2_0. onchip_memory2_0.*)
                0x00009b74                . = ALIGN (0x4)
                0x00009b74                PROVIDE (_alt_partition_onchip_memory2_0_end, ABSOLUTE (.))
                0x00009b74                _end = ABSOLUTE (.)
                0x00009b74                end = ABSOLUTE (.)
                0x00009b74                __alt_stack_base = ABSOLUTE (.)
                0x00009b74                PROVIDE (_alt_partition_onchip_memory2_0_load_addr, LOADADDR (.onchip_memory2_0))

.stab
 *(.stab)

.stabstr
 *(.stabstr)

.stab.excl
 *(.stab.excl)

.stab.exclstr
 *(.stab.exclstr)

.stab.index
 *(.stab.index)

.stab.indexstr
 *(.stab.indexstr)

.comment        0x00000000       0x23
 *(.comment)
 .comment       0x00000000       0x23 obj/default/hello_world.o
                                 0x24 (size before relaxing)
 .comment       0x00000000       0x24 ../proj_nios_bsp/\libhal_bsp.a(alt_load.o)
 .comment       0x00000000       0x24 ../proj_nios_bsp/\libhal_bsp.a(alt_main.o)
 .comment       0x00000000       0x24 ../proj_nios_bsp/\libhal_bsp.a(alt_putstr.o)
 .comment       0x00000000       0x24 ../proj_nios_bsp/\libhal_bsp.a(alt_sys_init.o)
 .comment       0x00000000       0x24 ../proj_nios_bsp/\libhal_bsp.a(altera_avalon_jtag_uart_fd.o)
 .comment       0x00000000       0x24 ../proj_nios_bsp/\libhal_bsp.a(altera_avalon_jtag_uart_init.o)
 .comment       0x00000000       0x24 ../proj_nios_bsp/\libhal_bsp.a(altera_avalon_jtag_uart_ioctl.o)
 .comment       0x00000000       0x24 ../proj_nios_bsp/\libhal_bsp.a(altera_avalon_jtag_uart_read.o)
 .comment       0x00000000       0x24 ../proj_nios_bsp/\libhal_bsp.a(altera_avalon_jtag_uart_write.o)
 .comment       0x00000000       0x24 ../proj_nios_bsp/\libhal_bsp.a(alt_alarm_start.o)
 .comment       0x00000000       0x24 ../proj_nios_bsp/\libhal_bsp.a(alt_close.o)
 .comment       0x00000000       0x24 ../proj_nios_bsp/\libhal_bsp.a(alt_dcache_flush_all.o)
 .comment       0x00000000       0x24 ../proj_nios_bsp/\libhal_bsp.a(alt_dev.o)
 .comment       0x00000000       0x24 ../proj_nios_bsp/\libhal_bsp.a(alt_dev_llist_insert.o)
 .comment       0x00000000       0x24 ../proj_nios_bsp/\libhal_bsp.a(alt_do_ctors.o)
 .comment       0x00000000       0x24 ../proj_nios_bsp/\libhal_bsp.a(alt_do_dtors.o)
 .comment       0x00000000       0x24 ../proj_nios_bsp/\libhal_bsp.a(alt_errno.o)
 .comment       0x00000000       0x24 ../proj_nios_bsp/\libhal_bsp.a(alt_icache_flush_all.o)
 .comment       0x00000000       0x24 ../proj_nios_bsp/\libhal_bsp.a(alt_io_redirect.o)
 .comment       0x00000000       0x24 ../proj_nios_bsp/\libhal_bsp.a(alt_irq_register.o)
 .comment       0x00000000       0x24 ../proj_nios_bsp/\libhal_bsp.a(alt_irq_vars.o)
 .comment       0x00000000       0x24 ../proj_nios_bsp/\libhal_bsp.a(alt_open.o)
 .comment       0x00000000       0x24 ../proj_nios_bsp/\libhal_bsp.a(alt_release_fd.o)
 .comment       0x00000000       0x24 ../proj_nios_bsp/\libhal_bsp.a(alt_tick.o)
 .comment       0x00000000       0x24 ../proj_nios_bsp/\libhal_bsp.a(altera_nios2_qsys_irq.o)
 .comment       0x00000000       0x24 ../proj_nios_bsp/\libhal_bsp.a(alt_find_dev.o)
 .comment       0x00000000       0x24 ../proj_nios_bsp/\libhal_bsp.a(alt_find_file.o)
 .comment       0x00000000       0x24 ../proj_nios_bsp/\libhal_bsp.a(alt_get_fd.o)
 .comment       0x00000000       0x24 ../proj_nios_bsp/\libhal_bsp.a(alt_irq_handler.o)
 .comment       0x00000000       0x24 c:/altera/13.0/nios2eds/bin/gnu/h-i686-mingw32/bin/../lib/gcc/nios2-elf/4.1.2/../../../../nios2-elf/lib/mno-hw-mul\libc.a(lib_a-atexit.o)
 .comment       0x00000000       0x24 c:/altera/13.0/nios2eds/bin/gnu/h-i686-mingw32/bin/../lib/gcc/nios2-elf/4.1.2/../../../../nios2-elf/lib/mno-hw-mul\libc.a(lib_a-exit.o)
 .comment       0x00000000       0x24 c:/altera/13.0/nios2eds/bin/gnu/h-i686-mingw32/bin/../lib/gcc/nios2-elf/4.1.2/../../../../nios2-elf/lib/mno-hw-mul\libc.a(lib_a-fputs.o)
 .comment       0x00000000       0x24 c:/altera/13.0/nios2eds/bin/gnu/h-i686-mingw32/bin/../lib/gcc/nios2-elf/4.1.2/../../../../nios2-elf/lib/mno-hw-mul\libc.a(lib_a-fvwrite.o)
 .comment       0x00000000       0x24 c:/altera/13.0/nios2eds/bin/gnu/h-i686-mingw32/bin/../lib/gcc/nios2-elf/4.1.2/../../../../nios2-elf/lib/mno-hw-mul\libc.a(lib_a-impure.o)
 .comment       0x00000000       0x24 c:/altera/13.0/nios2eds/bin/gnu/h-i686-mingw32/bin/../lib/gcc/nios2-elf/4.1.2/../../../../nios2-elf/lib/mno-hw-mul\libc.a(lib_a-int_errno.o)
 .comment       0x00000000       0x24 c:/altera/13.0/nios2eds/bin/gnu/h-i686-mingw32/bin/../lib/gcc/nios2-elf/4.1.2/../../../../nios2-elf/lib/mno-hw-mul\libc.a(lib_a-mallocr.o)
 .comment       0x00000000       0x24 c:/altera/13.0/nios2eds/bin/gnu/h-i686-mingw32/bin/../lib/gcc/nios2-elf/4.1.2/../../../../nios2-elf/lib/mno-hw-mul\libc.a(lib_a-memchr.o)
 .comment       0x00000000       0x24 c:/altera/13.0/nios2eds/bin/gnu/h-i686-mingw32/bin/../lib/gcc/nios2-elf/4.1.2/../../../../nios2-elf/lib/mno-hw-mul\libc.a(lib_a-memcmp.o)
 .comment       0x00000000       0x24 c:/altera/13.0/nios2eds/bin/gnu/h-i686-mingw32/bin/../lib/gcc/nios2-elf/4.1.2/../../../../nios2-elf/lib/mno-hw-mul\libc.a(lib_a-memcpy.o)
 .comment       0x00000000       0x24 c:/altera/13.0/nios2eds/bin/gnu/h-i686-mingw32/bin/../lib/gcc/nios2-elf/4.1.2/../../../../nios2-elf/lib/mno-hw-mul\libc.a(lib_a-memmove.o)
 .comment       0x00000000       0x24 c:/altera/13.0/nios2eds/bin/gnu/h-i686-mingw32/bin/../lib/gcc/nios2-elf/4.1.2/../../../../nios2-elf/lib/mno-hw-mul\libc.a(lib_a-reallocr.o)
 .comment       0x00000000       0x24 c:/altera/13.0/nios2eds/bin/gnu/h-i686-mingw32/bin/../lib/gcc/nios2-elf/4.1.2/../../../../nios2-elf/lib/mno-hw-mul\libc.a(lib_a-sbrkr.o)
 .comment       0x00000000       0x24 c:/altera/13.0/nios2eds/bin/gnu/h-i686-mingw32/bin/../lib/gcc/nios2-elf/4.1.2/../../../../nios2-elf/lib/mno-hw-mul\libc.a(lib_a-strlen.o)
 .comment       0x00000000       0x24 c:/altera/13.0/nios2eds/bin/gnu/h-i686-mingw32/bin/../lib/gcc/nios2-elf/4.1.2/../../../../nios2-elf/lib/mno-hw-mul\libc.a(lib_a-wsetup.o)
 .comment       0x00000000       0x24 c:/altera/13.0/nios2eds/bin/gnu/h-i686-mingw32/bin/../lib/gcc/nios2-elf/4.1.2/../../../../nios2-elf/lib/mno-hw-mul\libc.a(lib_a-__atexit.o)
 .comment       0x00000000       0x24 c:/altera/13.0/nios2eds/bin/gnu/h-i686-mingw32/bin/../lib/gcc/nios2-elf/4.1.2/../../../../nios2-elf/lib/mno-hw-mul\libc.a(lib_a-__call_atexit.o)
 .comment       0x00000000       0x24 c:/altera/13.0/nios2eds/bin/gnu/h-i686-mingw32/bin/../lib/gcc/nios2-elf/4.1.2/../../../../nios2-elf/lib/mno-hw-mul\libc.a(lib_a-fflush.o)
 .comment       0x00000000       0x24 c:/altera/13.0/nios2eds/bin/gnu/h-i686-mingw32/bin/../lib/gcc/nios2-elf/4.1.2/../../../../nios2-elf/lib/mno-hw-mul\libc.a(lib_a-findfp.o)
 .comment       0x00000000       0x24 c:/altera/13.0/nios2eds/bin/gnu/h-i686-mingw32/bin/../lib/gcc/nios2-elf/4.1.2/../../../../nios2-elf/lib/mno-hw-mul\libc.a(lib_a-freer.o)
 .comment       0x00000000       0x24 c:/altera/13.0/nios2eds/bin/gnu/h-i686-mingw32/bin/../lib/gcc/nios2-elf/4.1.2/../../../../nios2-elf/lib/mno-hw-mul\libc.a(lib_a-fwalk.o)
 .comment       0x00000000       0x24 c:/altera/13.0/nios2eds/bin/gnu/h-i686-mingw32/bin/../lib/gcc/nios2-elf/4.1.2/../../../../nios2-elf/lib/mno-hw-mul\libc.a(lib_a-makebuf.o)
 .comment       0x00000000       0x24 c:/altera/13.0/nios2eds/bin/gnu/h-i686-mingw32/bin/../lib/gcc/nios2-elf/4.1.2/../../../../nios2-elf/lib/mno-hw-mul\libc.a(lib_a-memset.o)
 .comment       0x00000000       0x24 c:/altera/13.0/nios2eds/bin/gnu/h-i686-mingw32/bin/../lib/gcc/nios2-elf/4.1.2/../../../../nios2-elf/lib/mno-hw-mul\libc.a(lib_a-stdio.o)
 .comment       0x00000000       0x24 c:/altera/13.0/nios2eds/bin/gnu/h-i686-mingw32/bin/../lib/gcc/nios2-elf/4.1.2/../../../../nios2-elf/lib/mno-hw-mul\libc.a(lib_a-writer.o)
 .comment       0x00000000       0x24 c:/altera/13.0/nios2eds/bin/gnu/h-i686-mingw32/bin/../lib/gcc/nios2-elf/4.1.2/../../../../nios2-elf/lib/mno-hw-mul\libc.a(lib_a-closer.o)
 .comment       0x00000000       0x24 c:/altera/13.0/nios2eds/bin/gnu/h-i686-mingw32/bin/../lib/gcc/nios2-elf/4.1.2/../../../../nios2-elf/lib/mno-hw-mul\libc.a(lib_a-fclose.o)
 .comment       0x00000000       0x24 c:/altera/13.0/nios2eds/bin/gnu/h-i686-mingw32/bin/../lib/gcc/nios2-elf/4.1.2/../../../../nios2-elf/lib/mno-hw-mul\libc.a(lib_a-fstatr.o)
 .comment       0x00000000       0x24 c:/altera/13.0/nios2eds/bin/gnu/h-i686-mingw32/bin/../lib/gcc/nios2-elf/4.1.2/../../../../nios2-elf/lib/mno-hw-mul\libc.a(lib_a-isattyr.o)
 .comment       0x00000000       0x24 c:/altera/13.0/nios2eds/bin/gnu/h-i686-mingw32/bin/../lib/gcc/nios2-elf/4.1.2/../../../../nios2-elf/lib/mno-hw-mul\libc.a(lib_a-lseekr.o)
 .comment       0x00000000       0x24 c:/altera/13.0/nios2eds/bin/gnu/h-i686-mingw32/bin/../lib/gcc/nios2-elf/4.1.2/../../../../nios2-elf/lib/mno-hw-mul\libc.a(lib_a-readr.o)
 .comment       0x00000000       0x24 c:/altera/13.0/nios2eds/bin/gnu/h-i686-mingw32/bin/../lib/gcc/nios2-elf/4.1.2/mno-hw-mul\libgcc.a(lib2-mul.o)
 .comment       0x00000000       0x24 ../proj_nios_bsp/\libhal_bsp.a(alt_exit.o)
 .comment       0x00000000       0x24 ../proj_nios_bsp/\libhal_bsp.a(alt_fstat.o)
 .comment       0x00000000       0x24 ../proj_nios_bsp/\libhal_bsp.a(alt_isatty.o)
 .comment       0x00000000       0x24 ../proj_nios_bsp/\libhal_bsp.a(alt_lseek.o)
 .comment       0x00000000       0x24 ../proj_nios_bsp/\libhal_bsp.a(alt_malloc_lock.o)
 .comment       0x00000000       0x24 ../proj_nios_bsp/\libhal_bsp.a(alt_read.o)
 .comment       0x00000000       0x24 ../proj_nios_bsp/\libhal_bsp.a(alt_sbrk.o)
 .comment       0x00000000       0x24 ../proj_nios_bsp/\libhal_bsp.a(alt_write.o)

.debug
 *(.debug)

.line
 *(.line)

.debug_srcinfo
 *(.debug_srcinfo)

.debug_sfnames
 *(.debug_sfnames)

.debug_aranges  0x00000000      0x8d8
 *(.debug_aranges)
 .debug_aranges
                0x00000000       0x28 ../proj_nios_bsp//obj/HAL/src/crt0.o
 .debug_aranges
                0x00000028       0x20 obj/default/hello_world.o
 .debug_aranges
                0x00000048       0x20 ../proj_nios_bsp/\libhal_bsp.a(alt_load.o)
 .debug_aranges
                0x00000068       0x20 ../proj_nios_bsp/\libhal_bsp.a(alt_main.o)
 .debug_aranges
                0x00000088       0x20 ../proj_nios_bsp/\libhal_bsp.a(alt_putstr.o)
 .debug_aranges
                0x000000a8       0x20 ../proj_nios_bsp/\libhal_bsp.a(alt_sys_init.o)
 .debug_aranges
                0x000000c8       0x20 ../proj_nios_bsp/\libhal_bsp.a(altera_avalon_jtag_uart_fd.o)
 .debug_aranges
                0x000000e8       0x20 ../proj_nios_bsp/\libhal_bsp.a(altera_avalon_jtag_uart_init.o)
 .debug_aranges
                0x00000108       0x20 ../proj_nios_bsp/\libhal_bsp.a(altera_avalon_jtag_uart_ioctl.o)
 .debug_aranges
                0x00000128       0x20 ../proj_nios_bsp/\libhal_bsp.a(altera_avalon_jtag_uart_read.o)
 .debug_aranges
                0x00000148       0x20 ../proj_nios_bsp/\libhal_bsp.a(altera_avalon_jtag_uart_write.o)
 .debug_aranges
                0x00000168       0x20 ../proj_nios_bsp/\libhal_bsp.a(alt_alarm_start.o)
 .debug_aranges
                0x00000188       0x20 ../proj_nios_bsp/\libhal_bsp.a(alt_close.o)
 .debug_aranges
                0x000001a8       0x20 ../proj_nios_bsp/\libhal_bsp.a(alt_dcache_flush_all.o)
 .debug_aranges
                0x000001c8       0x20 ../proj_nios_bsp/\libhal_bsp.a(alt_dev.o)
 .debug_aranges
                0x000001e8       0x20 ../proj_nios_bsp/\libhal_bsp.a(alt_dev_llist_insert.o)
 .debug_aranges
                0x00000208       0x20 ../proj_nios_bsp/\libhal_bsp.a(alt_do_ctors.o)
 .debug_aranges
                0x00000228       0x20 ../proj_nios_bsp/\libhal_bsp.a(alt_do_dtors.o)
 .debug_aranges
                0x00000248       0x20 ../proj_nios_bsp/\libhal_bsp.a(alt_icache_flush_all.o)
 .debug_aranges
                0x00000268       0x20 ../proj_nios_bsp/\libhal_bsp.a(alt_io_redirect.o)
 .debug_aranges
                0x00000288       0x20 ../proj_nios_bsp/\libhal_bsp.a(alt_irq_register.o)
 .debug_aranges
                0x000002a8       0x20 ../proj_nios_bsp/\libhal_bsp.a(alt_open.o)
 .debug_aranges
                0x000002c8       0x20 ../proj_nios_bsp/\libhal_bsp.a(alt_release_fd.o)
 .debug_aranges
                0x000002e8       0x20 ../proj_nios_bsp/\libhal_bsp.a(alt_tick.o)
 .debug_aranges
                0x00000308       0x20 ../proj_nios_bsp/\libhal_bsp.a(altera_nios2_qsys_irq.o)
 .debug_aranges
                0x00000328       0x20 ../proj_nios_bsp/\libhal_bsp.a(alt_find_dev.o)
 .debug_aranges
                0x00000348       0x20 ../proj_nios_bsp/\libhal_bsp.a(alt_find_file.o)
 .debug_aranges
                0x00000368       0x20 ../proj_nios_bsp/\libhal_bsp.a(alt_get_fd.o)
 .debug_aranges
                0x00000388       0x30 ../proj_nios_bsp/\libhal_bsp.a(alt_irq_entry.o)
 .debug_aranges
                0x000003b8       0x28 ../proj_nios_bsp/\libhal_bsp.a(alt_irq_handler.o)
 .debug_aranges
                0x000003e0       0x38 ../proj_nios_bsp/\libhal_bsp.a(alt_exception_entry.o)
 .debug_aranges
                0x00000418       0x20 c:/altera/13.0/nios2eds/bin/gnu/h-i686-mingw32/bin/../lib/gcc/nios2-elf/4.1.2/../../../../nios2-elf/lib/mno-hw-mul\libc.a(lib_a-atexit.o)
 .debug_aranges
                0x00000438       0x20 c:/altera/13.0/nios2eds/bin/gnu/h-i686-mingw32/bin/../lib/gcc/nios2-elf/4.1.2/../../../../nios2-elf/lib/mno-hw-mul\libc.a(lib_a-exit.o)
 .debug_aranges
                0x00000458       0x20 c:/altera/13.0/nios2eds/bin/gnu/h-i686-mingw32/bin/../lib/gcc/nios2-elf/4.1.2/../../../../nios2-elf/lib/mno-hw-mul\libc.a(lib_a-fputs.o)
 .debug_aranges
                0x00000478       0x20 c:/altera/13.0/nios2eds/bin/gnu/h-i686-mingw32/bin/../lib/gcc/nios2-elf/4.1.2/../../../../nios2-elf/lib/mno-hw-mul\libc.a(lib_a-fvwrite.o)
 .debug_aranges
                0x00000498       0x20 c:/altera/13.0/nios2eds/bin/gnu/h-i686-mingw32/bin/../lib/gcc/nios2-elf/4.1.2/../../../../nios2-elf/lib/mno-hw-mul\libc.a(lib_a-mallocr.o)
 .debug_aranges
                0x000004b8       0x20 c:/altera/13.0/nios2eds/bin/gnu/h-i686-mingw32/bin/../lib/gcc/nios2-elf/4.1.2/../../../../nios2-elf/lib/mno-hw-mul\libc.a(lib_a-memchr.o)
 .debug_aranges
                0x000004d8       0x20 c:/altera/13.0/nios2eds/bin/gnu/h-i686-mingw32/bin/../lib/gcc/nios2-elf/4.1.2/../../../../nios2-elf/lib/mno-hw-mul\libc.a(lib_a-memcmp.o)
 .debug_aranges
                0x000004f8       0x20 c:/altera/13.0/nios2eds/bin/gnu/h-i686-mingw32/bin/../lib/gcc/nios2-elf/4.1.2/../../../../nios2-elf/lib/mno-hw-mul\libc.a(lib_a-memcpy.o)
 .debug_aranges
                0x00000518       0x20 c:/altera/13.0/nios2eds/bin/gnu/h-i686-mingw32/bin/../lib/gcc/nios2-elf/4.1.2/../../../../nios2-elf/lib/mno-hw-mul\libc.a(lib_a-memmove.o)
 .debug_aranges
                0x00000538       0x20 c:/altera/13.0/nios2eds/bin/gnu/h-i686-mingw32/bin/../lib/gcc/nios2-elf/4.1.2/../../../../nios2-elf/lib/mno-hw-mul\libc.a(lib_a-reallocr.o)
 .debug_aranges
                0x00000558       0x20 c:/altera/13.0/nios2eds/bin/gnu/h-i686-mingw32/bin/../lib/gcc/nios2-elf/4.1.2/../../../../nios2-elf/lib/mno-hw-mul\libc.a(lib_a-sbrkr.o)
 .debug_aranges
                0x00000578       0x20 c:/altera/13.0/nios2eds/bin/gnu/h-i686-mingw32/bin/../lib/gcc/nios2-elf/4.1.2/../../../../nios2-elf/lib/mno-hw-mul\libc.a(lib_a-strlen.o)
 .debug_aranges
                0x00000598       0x20 c:/altera/13.0/nios2eds/bin/gnu/h-i686-mingw32/bin/../lib/gcc/nios2-elf/4.1.2/../../../../nios2-elf/lib/mno-hw-mul\libc.a(lib_a-wsetup.o)
 .debug_aranges
                0x000005b8       0x20 c:/altera/13.0/nios2eds/bin/gnu/h-i686-mingw32/bin/../lib/gcc/nios2-elf/4.1.2/../../../../nios2-elf/lib/mno-hw-mul\libc.a(lib_a-__atexit.o)
 .debug_aranges
                0x000005d8       0x20 c:/altera/13.0/nios2eds/bin/gnu/h-i686-mingw32/bin/../lib/gcc/nios2-elf/4.1.2/../../../../nios2-elf/lib/mno-hw-mul\libc.a(lib_a-__call_atexit.o)
 .debug_aranges
                0x000005f8       0x20 c:/altera/13.0/nios2eds/bin/gnu/h-i686-mingw32/bin/../lib/gcc/nios2-elf/4.1.2/../../../../nios2-elf/lib/mno-hw-mul\libc.a(lib_a-fflush.o)
 .debug_aranges
                0x00000618       0x20 c:/altera/13.0/nios2eds/bin/gnu/h-i686-mingw32/bin/../lib/gcc/nios2-elf/4.1.2/../../../../nios2-elf/lib/mno-hw-mul\libc.a(lib_a-findfp.o)
 .debug_aranges
                0x00000638       0x20 c:/altera/13.0/nios2eds/bin/gnu/h-i686-mingw32/bin/../lib/gcc/nios2-elf/4.1.2/../../../../nios2-elf/lib/mno-hw-mul\libc.a(lib_a-freer.o)
 .debug_aranges
                0x00000658       0x20 c:/altera/13.0/nios2eds/bin/gnu/h-i686-mingw32/bin/../lib/gcc/nios2-elf/4.1.2/../../../../nios2-elf/lib/mno-hw-mul\libc.a(lib_a-fwalk.o)
 .debug_aranges
                0x00000678       0x20 c:/altera/13.0/nios2eds/bin/gnu/h-i686-mingw32/bin/../lib/gcc/nios2-elf/4.1.2/../../../../nios2-elf/lib/mno-hw-mul\libc.a(lib_a-makebuf.o)
 .debug_aranges
                0x00000698       0x20 c:/altera/13.0/nios2eds/bin/gnu/h-i686-mingw32/bin/../lib/gcc/nios2-elf/4.1.2/../../../../nios2-elf/lib/mno-hw-mul\libc.a(lib_a-memset.o)
 .debug_aranges
                0x000006b8       0x20 c:/altera/13.0/nios2eds/bin/gnu/h-i686-mingw32/bin/../lib/gcc/nios2-elf/4.1.2/../../../../nios2-elf/lib/mno-hw-mul\libc.a(lib_a-stdio.o)
 .debug_aranges
                0x000006d8       0x20 c:/altera/13.0/nios2eds/bin/gnu/h-i686-mingw32/bin/../lib/gcc/nios2-elf/4.1.2/../../../../nios2-elf/lib/mno-hw-mul\libc.a(lib_a-writer.o)
 .debug_aranges
                0x000006f8       0x20 c:/altera/13.0/nios2eds/bin/gnu/h-i686-mingw32/bin/../lib/gcc/nios2-elf/4.1.2/../../../../nios2-elf/lib/mno-hw-mul\libc.a(lib_a-closer.o)
 .debug_aranges
                0x00000718       0x20 c:/altera/13.0/nios2eds/bin/gnu/h-i686-mingw32/bin/../lib/gcc/nios2-elf/4.1.2/../../../../nios2-elf/lib/mno-hw-mul\libc.a(lib_a-fclose.o)
 .debug_aranges
                0x00000738       0x20 c:/altera/13.0/nios2eds/bin/gnu/h-i686-mingw32/bin/../lib/gcc/nios2-elf/4.1.2/../../../../nios2-elf/lib/mno-hw-mul\libc.a(lib_a-fstatr.o)
 .debug_aranges
                0x00000758       0x20 c:/altera/13.0/nios2eds/bin/gnu/h-i686-mingw32/bin/../lib/gcc/nios2-elf/4.1.2/../../../../nios2-elf/lib/mno-hw-mul\libc.a(lib_a-isattyr.o)
 .debug_aranges
                0x00000778       0x20 c:/altera/13.0/nios2eds/bin/gnu/h-i686-mingw32/bin/../lib/gcc/nios2-elf/4.1.2/../../../../nios2-elf/lib/mno-hw-mul\libc.a(lib_a-lseekr.o)
 .debug_aranges
                0x00000798       0x20 c:/altera/13.0/nios2eds/bin/gnu/h-i686-mingw32/bin/../lib/gcc/nios2-elf/4.1.2/../../../../nios2-elf/lib/mno-hw-mul\libc.a(lib_a-readr.o)
 .debug_aranges
                0x000007b8       0x20 c:/altera/13.0/nios2eds/bin/gnu/h-i686-mingw32/bin/../lib/gcc/nios2-elf/4.1.2/mno-hw-mul\libgcc.a(lib2-mul.o)
 .debug_aranges
                0x000007d8       0x20 ../proj_nios_bsp/\libhal_bsp.a(alt_exit.o)
 .debug_aranges
                0x000007f8       0x20 ../proj_nios_bsp/\libhal_bsp.a(alt_fstat.o)
 .debug_aranges
                0x00000818       0x20 ../proj_nios_bsp/\libhal_bsp.a(alt_isatty.o)
 .debug_aranges
                0x00000838       0x20 ../proj_nios_bsp/\libhal_bsp.a(alt_lseek.o)
 .debug_aranges
                0x00000858       0x20 ../proj_nios_bsp/\libhal_bsp.a(alt_malloc_lock.o)
 .debug_aranges
                0x00000878       0x20 ../proj_nios_bsp/\libhal_bsp.a(alt_read.o)
 .debug_aranges
                0x00000898       0x20 ../proj_nios_bsp/\libhal_bsp.a(alt_sbrk.o)
 .debug_aranges
                0x000008b8       0x20 ../proj_nios_bsp/\libhal_bsp.a(alt_write.o)

.debug_pubnames
                0x00000000      0xccb
 *(.debug_pubnames)
 .debug_pubnames
                0x00000000       0x1b obj/default/hello_world.o
 .debug_pubnames
                0x0000001b       0x1f ../proj_nios_bsp/\libhal_bsp.a(alt_load.o)
 .debug_pubnames
                0x0000003a       0x46 ../proj_nios_bsp/\libhal_bsp.a(alt_main.o)
 .debug_pubnames
                0x00000080       0x21 ../proj_nios_bsp/\libhal_bsp.a(alt_putstr.o)
 .debug_pubnames
                0x000000a1       0x34 ../proj_nios_bsp/\libhal_bsp.a(alt_sys_init.o)
 .debug_pubnames
                0x000000d5       0xa5 ../proj_nios_bsp/\libhal_bsp.a(altera_avalon_jtag_uart_fd.o)
 .debug_pubnames
                0x0000017a       0x55 ../proj_nios_bsp/\libhal_bsp.a(altera_avalon_jtag_uart_init.o)
 .debug_pubnames
                0x000001cf       0x34 ../proj_nios_bsp/\libhal_bsp.a(altera_avalon_jtag_uart_ioctl.o)
 .debug_pubnames
                0x00000203       0x33 ../proj_nios_bsp/\libhal_bsp.a(altera_avalon_jtag_uart_read.o)
 .debug_pubnames
                0x00000236       0x34 ../proj_nios_bsp/\libhal_bsp.a(altera_avalon_jtag_uart_write.o)
 .debug_pubnames
                0x0000026a       0x26 ../proj_nios_bsp/\libhal_bsp.a(alt_alarm_start.o)
 .debug_pubnames
                0x00000290       0x1c ../proj_nios_bsp/\libhal_bsp.a(alt_close.o)
 .debug_pubnames
                0x000002ac       0x2b ../proj_nios_bsp/\libhal_bsp.a(alt_dcache_flush_all.o)
 .debug_pubnames
                0x000002d7       0x63 ../proj_nios_bsp/\libhal_bsp.a(alt_dev.o)
 .debug_pubnames
                0x0000033a       0x2b ../proj_nios_bsp/\libhal_bsp.a(alt_dev_llist_insert.o)
 .debug_pubnames
                0x00000365       0x20 ../proj_nios_bsp/\libhal_bsp.a(alt_do_ctors.o)
 .debug_pubnames
                0x00000385       0x20 ../proj_nios_bsp/\libhal_bsp.a(alt_do_dtors.o)
 .debug_pubnames
                0x000003a5       0x20 ../proj_nios_bsp/\libhal_bsp.a(alt_errno.o)
 .debug_pubnames
                0x000003c5       0x2b ../proj_nios_bsp/\libhal_bsp.a(alt_icache_flush_all.o)
 .debug_pubnames
                0x000003f0       0x26 ../proj_nios_bsp/\libhal_bsp.a(alt_io_redirect.o)
 .debug_pubnames
                0x00000416       0x27 ../proj_nios_bsp/\libhal_bsp.a(alt_irq_register.o)
 .debug_pubnames
                0x0000043d       0x3b ../proj_nios_bsp/\libhal_bsp.a(alt_irq_vars.o)
 .debug_pubnames
                0x00000478       0x1b ../proj_nios_bsp/\libhal_bsp.a(alt_open.o)
 .debug_pubnames
                0x00000493       0x25 ../proj_nios_bsp/\libhal_bsp.a(alt_release_fd.o)
 .debug_pubnames
                0x000004b8       0x68 ../proj_nios_bsp/\libhal_bsp.a(alt_tick.o)
 .debug_pubnames
                0x00000520       0x31 ../proj_nios_bsp/\libhal_bsp.a(altera_nios2_qsys_irq.o)
 .debug_pubnames
                0x00000551       0x23 ../proj_nios_bsp/\libhal_bsp.a(alt_find_dev.o)
 .debug_pubnames
                0x00000574       0x24 ../proj_nios_bsp/\libhal_bsp.a(alt_find_file.o)
 .debug_pubnames
                0x00000598       0x21 ../proj_nios_bsp/\libhal_bsp.a(alt_get_fd.o)
 .debug_pubnames
                0x000005b9       0x32 ../proj_nios_bsp/\libhal_bsp.a(alt_irq_handler.o)
 .debug_pubnames
                0x000005eb       0x2a c:/altera/13.0/nios2eds/bin/gnu/h-i686-mingw32/bin/../lib/gcc/nios2-elf/4.1.2/../../../../nios2-elf/lib/mno-hw-mul\libc.a(lib_a-atexit.o)
 .debug_pubnames
                0x00000615       0x1b c:/altera/13.0/nios2eds/bin/gnu/h-i686-mingw32/bin/../lib/gcc/nios2-elf/4.1.2/../../../../nios2-elf/lib/mno-hw-mul\libc.a(lib_a-exit.o)
 .debug_pubnames
                0x00000630       0x29 c:/altera/13.0/nios2eds/bin/gnu/h-i686-mingw32/bin/../lib/gcc/nios2-elf/4.1.2/../../../../nios2-elf/lib/mno-hw-mul\libc.a(lib_a-fputs.o)
 .debug_pubnames
                0x00000659       0x23 c:/altera/13.0/nios2eds/bin/gnu/h-i686-mingw32/bin/../lib/gcc/nios2-elf/4.1.2/../../../../nios2-elf/lib/mno-hw-mul\libc.a(lib_a-fvwrite.o)
 .debug_pubnames
                0x0000067c       0x39 c:/altera/13.0/nios2eds/bin/gnu/h-i686-mingw32/bin/../lib/gcc/nios2-elf/4.1.2/../../../../nios2-elf/lib/mno-hw-mul\libc.a(lib_a-impure.o)
 .debug_pubnames
                0x000006b5       0x1c c:/altera/13.0/nios2eds/bin/gnu/h-i686-mingw32/bin/../lib/gcc/nios2-elf/4.1.2/../../../../nios2-elf/lib/mno-hw-mul\libc.a(lib_a-int_errno.o)
 .debug_pubnames
                0x000006d1       0xce c:/altera/13.0/nios2eds/bin/gnu/h-i686-mingw32/bin/../lib/gcc/nios2-elf/4.1.2/../../../../nios2-elf/lib/mno-hw-mul\libc.a(lib_a-mallocr.o)
 .debug_pubnames
                0x0000079f       0x1d c:/altera/13.0/nios2eds/bin/gnu/h-i686-mingw32/bin/../lib/gcc/nios2-elf/4.1.2/../../../../nios2-elf/lib/mno-hw-mul\libc.a(lib_a-memchr.o)
 .debug_pubnames
                0x000007bc       0x1d c:/altera/13.0/nios2eds/bin/gnu/h-i686-mingw32/bin/../lib/gcc/nios2-elf/4.1.2/../../../../nios2-elf/lib/mno-hw-mul\libc.a(lib_a-memcmp.o)
 .debug_pubnames
                0x000007d9       0x1d c:/altera/13.0/nios2eds/bin/gnu/h-i686-mingw32/bin/../lib/gcc/nios2-elf/4.1.2/../../../../nios2-elf/lib/mno-hw-mul\libc.a(lib_a-memcpy.o)
 .debug_pubnames
                0x000007f6       0x1e c:/altera/13.0/nios2eds/bin/gnu/h-i686-mingw32/bin/../lib/gcc/nios2-elf/4.1.2/../../../../nios2-elf/lib/mno-hw-mul\libc.a(lib_a-memmove.o)
 .debug_pubnames
                0x00000814       0x21 c:/altera/13.0/nios2eds/bin/gnu/h-i686-mingw32/bin/../lib/gcc/nios2-elf/4.1.2/../../../../nios2-elf/lib/mno-hw-mul\libc.a(lib_a-reallocr.o)
 .debug_pubnames
                0x00000835       0x1e c:/altera/13.0/nios2eds/bin/gnu/h-i686-mingw32/bin/../lib/gcc/nios2-elf/4.1.2/../../../../nios2-elf/lib/mno-hw-mul\libc.a(lib_a-sbrkr.o)
 .debug_pubnames
                0x00000853       0x1d c:/altera/13.0/nios2eds/bin/gnu/h-i686-mingw32/bin/../lib/gcc/nios2-elf/4.1.2/../../../../nios2-elf/lib/mno-hw-mul\libc.a(lib_a-strlen.o)
 .debug_pubnames
                0x00000870       0x22 c:/altera/13.0/nios2eds/bin/gnu/h-i686-mingw32/bin/../lib/gcc/nios2-elf/4.1.2/../../../../nios2-elf/lib/mno-hw-mul\libc.a(lib_a-wsetup.o)
 .debug_pubnames
                0x00000892       0x2a c:/altera/13.0/nios2eds/bin/gnu/h-i686-mingw32/bin/../lib/gcc/nios2-elf/4.1.2/../../../../nios2-elf/lib/mno-hw-mul\libc.a(lib_a-__atexit.o)
 .debug_pubnames
                0x000008bc       0x27 c:/altera/13.0/nios2eds/bin/gnu/h-i686-mingw32/bin/../lib/gcc/nios2-elf/4.1.2/../../../../nios2-elf/lib/mno-hw-mul\libc.a(lib_a-__call_atexit.o)
 .debug_pubnames
                0x000008e3       0x2b c:/altera/13.0/nios2eds/bin/gnu/h-i686-mingw32/bin/../lib/gcc/nios2-elf/4.1.2/../../../../nios2-elf/lib/mno-hw-mul\libc.a(lib_a-fflush.o)
 .debug_pubnames
                0x0000090e       0xdb c:/altera/13.0/nios2eds/bin/gnu/h-i686-mingw32/bin/../lib/gcc/nios2-elf/4.1.2/../../../../nios2-elf/lib/mno-hw-mul\libc.a(lib_a-findfp.o)
 .debug_pubnames
                0x000009e9       0x31 c:/altera/13.0/nios2eds/bin/gnu/h-i686-mingw32/bin/../lib/gcc/nios2-elf/4.1.2/../../../../nios2-elf/lib/mno-hw-mul\libc.a(lib_a-freer.o)
 .debug_pubnames
                0x00000a1a       0x2e c:/altera/13.0/nios2eds/bin/gnu/h-i686-mingw32/bin/../lib/gcc/nios2-elf/4.1.2/../../../../nios2-elf/lib/mno-hw-mul\libc.a(lib_a-fwalk.o)
 .debug_pubnames
                0x00000a48       0x23 c:/altera/13.0/nios2eds/bin/gnu/h-i686-mingw32/bin/../lib/gcc/nios2-elf/4.1.2/../../../../nios2-elf/lib/mno-hw-mul\libc.a(lib_a-makebuf.o)
 .debug_pubnames
                0x00000a6b       0x1d c:/altera/13.0/nios2eds/bin/gnu/h-i686-mingw32/bin/../lib/gcc/nios2-elf/4.1.2/../../../../nios2-elf/lib/mno-hw-mul\libc.a(lib_a-memset.o)
 .debug_pubnames
                0x00000a88       0x44 c:/altera/13.0/nios2eds/bin/gnu/h-i686-mingw32/bin/../lib/gcc/nios2-elf/4.1.2/../../../../nios2-elf/lib/mno-hw-mul\libc.a(lib_a-stdio.o)
 .debug_pubnames
                0x00000acc       0x1f c:/altera/13.0/nios2eds/bin/gnu/h-i686-mingw32/bin/../lib/gcc/nios2-elf/4.1.2/../../../../nios2-elf/lib/mno-hw-mul\libc.a(lib_a-writer.o)
 .debug_pubnames
                0x00000aeb       0x1f c:/altera/13.0/nios2eds/bin/gnu/h-i686-mingw32/bin/../lib/gcc/nios2-elf/4.1.2/../../../../nios2-elf/lib/mno-hw-mul\libc.a(lib_a-closer.o)
 .debug_pubnames
                0x00000b0a       0x2b c:/altera/13.0/nios2eds/bin/gnu/h-i686-mingw32/bin/../lib/gcc/nios2-elf/4.1.2/../../../../nios2-elf/lib/mno-hw-mul\libc.a(lib_a-fclose.o)
 .debug_pubnames
                0x00000b35       0x1f c:/altera/13.0/nios2eds/bin/gnu/h-i686-mingw32/bin/../lib/gcc/nios2-elf/4.1.2/../../../../nios2-elf/lib/mno-hw-mul\libc.a(lib_a-fstatr.o)
 .debug_pubnames
                0x00000b54       0x20 c:/altera/13.0/nios2eds/bin/gnu/h-i686-mingw32/bin/../lib/gcc/nios2-elf/4.1.2/../../../../nios2-elf/lib/mno-hw-mul\libc.a(lib_a-isattyr.o)
 .debug_pubnames
                0x00000b74       0x1f c:/altera/13.0/nios2eds/bin/gnu/h-i686-mingw32/bin/../lib/gcc/nios2-elf/4.1.2/../../../../nios2-elf/lib/mno-hw-mul\libc.a(lib_a-lseekr.o)
 .debug_pubnames
                0x00000b93       0x1e c:/altera/13.0/nios2eds/bin/gnu/h-i686-mingw32/bin/../lib/gcc/nios2-elf/4.1.2/../../../../nios2-elf/lib/mno-hw-mul\libc.a(lib_a-readr.o)
 .debug_pubnames
                0x00000bb1       0x1f c:/altera/13.0/nios2eds/bin/gnu/h-i686-mingw32/bin/../lib/gcc/nios2-elf/4.1.2/mno-hw-mul\libgcc.a(lib2-mul.o)
 .debug_pubnames
                0x00000bd0       0x1c ../proj_nios_bsp/\libhal_bsp.a(alt_exit.o)
 .debug_pubnames
                0x00000bec       0x1c ../proj_nios_bsp/\libhal_bsp.a(alt_fstat.o)
 .debug_pubnames
                0x00000c08       0x1d ../proj_nios_bsp/\libhal_bsp.a(alt_isatty.o)
 .debug_pubnames
                0x00000c25       0x1c ../proj_nios_bsp/\libhal_bsp.a(alt_lseek.o)
 .debug_pubnames
                0x00000c41       0x38 ../proj_nios_bsp/\libhal_bsp.a(alt_malloc_lock.o)
 .debug_pubnames
                0x00000c79       0x1b ../proj_nios_bsp/\libhal_bsp.a(alt_read.o)
 .debug_pubnames
                0x00000c94       0x1b ../proj_nios_bsp/\libhal_bsp.a(alt_sbrk.o)
 .debug_pubnames
                0x00000caf       0x1c ../proj_nios_bsp/\libhal_bsp.a(alt_write.o)

.debug_info     0x00000000    0x19f4b
 *(.debug_info .gnu.linkonce.wi.*)
 .debug_info    0x00000000       0x7d ../proj_nios_bsp//obj/HAL/src/crt0.o
 .debug_info    0x0000007d       0x9c obj/default/hello_world.o
 .debug_info    0x00000119      0x28f ../proj_nios_bsp/\libhal_bsp.a(alt_load.o)
 .debug_info    0x000003a8      0x26e ../proj_nios_bsp/\libhal_bsp.a(alt_main.o)
 .debug_info    0x00000616      0xbfe ../proj_nios_bsp/\libhal_bsp.a(alt_putstr.o)
 .debug_info    0x00001214      0x70d ../proj_nios_bsp/\libhal_bsp.a(alt_sys_init.o)
 .debug_info    0x00001921      0x7db ../proj_nios_bsp/\libhal_bsp.a(altera_avalon_jtag_uart_fd.o)
 .debug_info    0x000020fc      0x643 ../proj_nios_bsp/\libhal_bsp.a(altera_avalon_jtag_uart_init.o)
 .debug_info    0x0000273f      0x445 ../proj_nios_bsp/\libhal_bsp.a(altera_avalon_jtag_uart_ioctl.o)
 .debug_info    0x00002b84      0x57b ../proj_nios_bsp/\libhal_bsp.a(altera_avalon_jtag_uart_read.o)
 .debug_info    0x000030ff      0x573 ../proj_nios_bsp/\libhal_bsp.a(altera_avalon_jtag_uart_write.o)
 .debug_info    0x00003672      0x477 ../proj_nios_bsp/\libhal_bsp.a(alt_alarm_start.o)
 .debug_info    0x00003ae9      0x469 ../proj_nios_bsp/\libhal_bsp.a(alt_close.o)
 .debug_info    0x00003f52      0x15e ../proj_nios_bsp/\libhal_bsp.a(alt_dcache_flush_all.o)
 .debug_info    0x000040b0      0x681 ../proj_nios_bsp/\libhal_bsp.a(alt_dev.o)
 .debug_info    0x00004731      0x2b9 ../proj_nios_bsp/\libhal_bsp.a(alt_dev_llist_insert.o)
 .debug_info    0x000049ea      0x111 ../proj_nios_bsp/\libhal_bsp.a(alt_do_ctors.o)
 .debug_info    0x00004afb      0x110 ../proj_nios_bsp/\libhal_bsp.a(alt_do_dtors.o)
 .debug_info    0x00004c0b      0x166 ../proj_nios_bsp/\libhal_bsp.a(alt_errno.o)
 .debug_info    0x00004d71      0x15e ../proj_nios_bsp/\libhal_bsp.a(alt_icache_flush_all.o)
 .debug_info    0x00004ecf      0x697 ../proj_nios_bsp/\libhal_bsp.a(alt_io_redirect.o)
 .debug_info    0x00005566      0x431 ../proj_nios_bsp/\libhal_bsp.a(alt_irq_register.o)
 .debug_info    0x00005997      0x169 ../proj_nios_bsp/\libhal_bsp.a(alt_irq_vars.o)
 .debug_info    0x00005b00      0x527 ../proj_nios_bsp/\libhal_bsp.a(alt_open.o)
 .debug_info    0x00006027      0x3f4 ../proj_nios_bsp/\libhal_bsp.a(alt_release_fd.o)
 .debug_info    0x0000641b      0x433 ../proj_nios_bsp/\libhal_bsp.a(alt_tick.o)
 .debug_info    0x0000684e      0x1ac ../proj_nios_bsp/\libhal_bsp.a(altera_nios2_qsys_irq.o)
 .debug_info    0x000069fa      0x41a ../proj_nios_bsp/\libhal_bsp.a(alt_find_dev.o)
 .debug_info    0x00006e14      0x421 ../proj_nios_bsp/\libhal_bsp.a(alt_find_file.o)
 .debug_info    0x00007235      0x462 ../proj_nios_bsp/\libhal_bsp.a(alt_get_fd.o)
 .debug_info    0x00007697       0x86 ../proj_nios_bsp/\libhal_bsp.a(alt_irq_entry.o)
 .debug_info    0x0000771d      0x2b4 ../proj_nios_bsp/\libhal_bsp.a(alt_irq_handler.o)
 .debug_info    0x000079d1       0x8c ../proj_nios_bsp/\libhal_bsp.a(alt_exception_entry.o)
 .debug_info    0x00007a5d      0x181 c:/altera/13.0/nios2eds/bin/gnu/h-i686-mingw32/bin/../lib/gcc/nios2-elf/4.1.2/../../../../nios2-elf/lib/mno-hw-mul\libc.a(lib_a-atexit.o)
 .debug_info    0x00007bde      0x93f c:/altera/13.0/nios2eds/bin/gnu/h-i686-mingw32/bin/../lib/gcc/nios2-elf/4.1.2/../../../../nios2-elf/lib/mno-hw-mul\libc.a(lib_a-exit.o)
 .debug_info    0x0000851d      0xa40 c:/altera/13.0/nios2eds/bin/gnu/h-i686-mingw32/bin/../lib/gcc/nios2-elf/4.1.2/../../../../nios2-elf/lib/mno-hw-mul\libc.a(lib_a-fputs.o)
 .debug_info    0x00008f5d      0xa88 c:/altera/13.0/nios2eds/bin/gnu/h-i686-mingw32/bin/../lib/gcc/nios2-elf/4.1.2/../../../../nios2-elf/lib/mno-hw-mul\libc.a(lib_a-fvwrite.o)
 .debug_info    0x000099e5      0x93d c:/altera/13.0/nios2eds/bin/gnu/h-i686-mingw32/bin/../lib/gcc/nios2-elf/4.1.2/../../../../nios2-elf/lib/mno-hw-mul\libc.a(lib_a-impure.o)
 .debug_info    0x0000a322       0x8c c:/altera/13.0/nios2eds/bin/gnu/h-i686-mingw32/bin/../lib/gcc/nios2-elf/4.1.2/../../../../nios2-elf/lib/mno-hw-mul\libc.a(lib_a-int_errno.o)
 .debug_info    0x0000a3ae      0xcd0 c:/altera/13.0/nios2eds/bin/gnu/h-i686-mingw32/bin/../lib/gcc/nios2-elf/4.1.2/../../../../nios2-elf/lib/mno-hw-mul\libc.a(lib_a-mallocr.o)
 .debug_info    0x0000b07e      0x138 c:/altera/13.0/nios2eds/bin/gnu/h-i686-mingw32/bin/../lib/gcc/nios2-elf/4.1.2/../../../../nios2-elf/lib/mno-hw-mul\libc.a(lib_a-memchr.o)
 .debug_info    0x0000b1b6      0x115 c:/altera/13.0/nios2eds/bin/gnu/h-i686-mingw32/bin/../lib/gcc/nios2-elf/4.1.2/../../../../nios2-elf/lib/mno-hw-mul\libc.a(lib_a-memcmp.o)
 .debug_info    0x0000b2cb      0x106 c:/altera/13.0/nios2eds/bin/gnu/h-i686-mingw32/bin/../lib/gcc/nios2-elf/4.1.2/../../../../nios2-elf/lib/mno-hw-mul\libc.a(lib_a-memcpy.o)
 .debug_info    0x0000b3d1      0x13e c:/altera/13.0/nios2eds/bin/gnu/h-i686-mingw32/bin/../lib/gcc/nios2-elf/4.1.2/../../../../nios2-elf/lib/mno-hw-mul\libc.a(lib_a-memmove.o)
 .debug_info    0x0000b50f      0xbd7 c:/altera/13.0/nios2eds/bin/gnu/h-i686-mingw32/bin/../lib/gcc/nios2-elf/4.1.2/../../../../nios2-elf/lib/mno-hw-mul\libc.a(lib_a-reallocr.o)
 .debug_info    0x0000c0e6      0x962 c:/altera/13.0/nios2eds/bin/gnu/h-i686-mingw32/bin/../lib/gcc/nios2-elf/4.1.2/../../../../nios2-elf/lib/mno-hw-mul\libc.a(lib_a-sbrkr.o)
 .debug_info    0x0000ca48       0xdb c:/altera/13.0/nios2eds/bin/gnu/h-i686-mingw32/bin/../lib/gcc/nios2-elf/4.1.2/../../../../nios2-elf/lib/mno-hw-mul\libc.a(lib_a-strlen.o)
 .debug_info    0x0000cb23      0x95d c:/altera/13.0/nios2eds/bin/gnu/h-i686-mingw32/bin/../lib/gcc/nios2-elf/4.1.2/../../../../nios2-elf/lib/mno-hw-mul\libc.a(lib_a-wsetup.o)
 .debug_info    0x0000d480      0x99c c:/altera/13.0/nios2eds/bin/gnu/h-i686-mingw32/bin/../lib/gcc/nios2-elf/4.1.2/../../../../nios2-elf/lib/mno-hw-mul\libc.a(lib_a-__atexit.o)
 .debug_info    0x0000de1c      0x9e2 c:/altera/13.0/nios2eds/bin/gnu/h-i686-mingw32/bin/../lib/gcc/nios2-elf/4.1.2/../../../../nios2-elf/lib/mno-hw-mul\libc.a(lib_a-__call_atexit.o)
 .debug_info    0x0000e7fe      0x9fe c:/altera/13.0/nios2eds/bin/gnu/h-i686-mingw32/bin/../lib/gcc/nios2-elf/4.1.2/../../../../nios2-elf/lib/mno-hw-mul\libc.a(lib_a-fflush.o)
 .debug_info    0x0000f1fc      0xb72 c:/altera/13.0/nios2eds/bin/gnu/h-i686-mingw32/bin/../lib/gcc/nios2-elf/4.1.2/../../../../nios2-elf/lib/mno-hw-mul\libc.a(lib_a-findfp.o)
 .debug_info    0x0000fd6e      0xbc9 c:/altera/13.0/nios2eds/bin/gnu/h-i686-mingw32/bin/../lib/gcc/nios2-elf/4.1.2/../../../../nios2-elf/lib/mno-hw-mul\libc.a(lib_a-freer.o)
 .debug_info    0x00010937      0xaed c:/altera/13.0/nios2eds/bin/gnu/h-i686-mingw32/bin/../lib/gcc/nios2-elf/4.1.2/../../../../nios2-elf/lib/mno-hw-mul\libc.a(lib_a-fwalk.o)
 .debug_info    0x00011424      0xb1a c:/altera/13.0/nios2eds/bin/gnu/h-i686-mingw32/bin/../lib/gcc/nios2-elf/4.1.2/../../../../nios2-elf/lib/mno-hw-mul\libc.a(lib_a-makebuf.o)
 .debug_info    0x00011f3e      0x113 c:/altera/13.0/nios2eds/bin/gnu/h-i686-mingw32/bin/../lib/gcc/nios2-elf/4.1.2/../../../../nios2-elf/lib/mno-hw-mul\libc.a(lib_a-memset.o)
 .debug_info    0x00012051      0xaac c:/altera/13.0/nios2eds/bin/gnu/h-i686-mingw32/bin/../lib/gcc/nios2-elf/4.1.2/../../../../nios2-elf/lib/mno-hw-mul\libc.a(lib_a-stdio.o)
 .debug_info    0x00012afd      0x993 c:/altera/13.0/nios2eds/bin/gnu/h-i686-mingw32/bin/../lib/gcc/nios2-elf/4.1.2/../../../../nios2-elf/lib/mno-hw-mul\libc.a(lib_a-writer.o)
 .debug_info    0x00013490      0x958 c:/altera/13.0/nios2eds/bin/gnu/h-i686-mingw32/bin/../lib/gcc/nios2-elf/4.1.2/../../../../nios2-elf/lib/mno-hw-mul\libc.a(lib_a-closer.o)
 .debug_info    0x00013de8      0x994 c:/altera/13.0/nios2eds/bin/gnu/h-i686-mingw32/bin/../lib/gcc/nios2-elf/4.1.2/../../../../nios2-elf/lib/mno-hw-mul\libc.a(lib_a-fclose.o)
 .debug_info    0x0001477c      0xafc c:/altera/13.0/nios2eds/bin/gnu/h-i686-mingw32/bin/../lib/gcc/nios2-elf/4.1.2/../../../../nios2-elf/lib/mno-hw-mul\libc.a(lib_a-fstatr.o)
 .debug_info    0x00015278      0x958 c:/altera/13.0/nios2eds/bin/gnu/h-i686-mingw32/bin/../lib/gcc/nios2-elf/4.1.2/../../../../nios2-elf/lib/mno-hw-mul\libc.a(lib_a-isattyr.o)
 .debug_info    0x00015bd0      0x981 c:/altera/13.0/nios2eds/bin/gnu/h-i686-mingw32/bin/../lib/gcc/nios2-elf/4.1.2/../../../../nios2-elf/lib/mno-hw-mul\libc.a(lib_a-lseekr.o)
 .debug_info    0x00016551      0x98c c:/altera/13.0/nios2eds/bin/gnu/h-i686-mingw32/bin/../lib/gcc/nios2-elf/4.1.2/../../../../nios2-elf/lib/mno-hw-mul\libc.a(lib_a-readr.o)
 .debug_info    0x00016edd       0xf3 c:/altera/13.0/nios2eds/bin/gnu/h-i686-mingw32/bin/../lib/gcc/nios2-elf/4.1.2/mno-hw-mul\libgcc.a(lib2-mul.o)
 .debug_info    0x00016fd0      0x1da ../proj_nios_bsp/\libhal_bsp.a(alt_exit.o)
 .debug_info    0x000171aa      0x662 ../proj_nios_bsp/\libhal_bsp.a(alt_fstat.o)
 .debug_info    0x0001780c      0x668 ../proj_nios_bsp/\libhal_bsp.a(alt_isatty.o)
 .debug_info    0x00017e74      0x49c ../proj_nios_bsp/\libhal_bsp.a(alt_lseek.o)
 .debug_info    0x00018310      0xc1a ../proj_nios_bsp/\libhal_bsp.a(alt_malloc_lock.o)
 .debug_info    0x00018f2a      0x68c ../proj_nios_bsp/\libhal_bsp.a(alt_read.o)
 .debug_info    0x000195b6      0x300 ../proj_nios_bsp/\libhal_bsp.a(alt_sbrk.o)
 .debug_info    0x000198b6      0x695 ../proj_nios_bsp/\libhal_bsp.a(alt_write.o)

.debug_abbrev   0x00000000     0x4ebf
 *(.debug_abbrev)
 .debug_abbrev  0x00000000       0x12 ../proj_nios_bsp//obj/HAL/src/crt0.o
 .debug_abbrev  0x00000012       0x34 obj/default/hello_world.o
 .debug_abbrev  0x00000046       0x88 ../proj_nios_bsp/\libhal_bsp.a(alt_load.o)
 .debug_abbrev  0x000000ce       0xbe ../proj_nios_bsp/\libhal_bsp.a(alt_main.o)
 .debug_abbrev  0x0000018c      0x17f ../proj_nios_bsp/\libhal_bsp.a(alt_putstr.o)
 .debug_abbrev  0x0000030b      0x142 ../proj_nios_bsp/\libhal_bsp.a(alt_sys_init.o)
 .debug_abbrev  0x0000044d       0xf7 ../proj_nios_bsp/\libhal_bsp.a(altera_avalon_jtag_uart_fd.o)
 .debug_abbrev  0x00000544      0x17c ../proj_nios_bsp/\libhal_bsp.a(altera_avalon_jtag_uart_init.o)
 .debug_abbrev  0x000006c0       0xf0 ../proj_nios_bsp/\libhal_bsp.a(altera_avalon_jtag_uart_ioctl.o)
 .debug_abbrev  0x000007b0      0x191 ../proj_nios_bsp/\libhal_bsp.a(altera_avalon_jtag_uart_read.o)
 .debug_abbrev  0x00000941      0x18d ../proj_nios_bsp/\libhal_bsp.a(altera_avalon_jtag_uart_write.o)
 .debug_abbrev  0x00000ace      0x172 ../proj_nios_bsp/\libhal_bsp.a(alt_alarm_start.o)
 .debug_abbrev  0x00000c40       0xfb ../proj_nios_bsp/\libhal_bsp.a(alt_close.o)
 .debug_abbrev  0x00000d3b       0x3f ../proj_nios_bsp/\libhal_bsp.a(alt_dcache_flush_all.o)
 .debug_abbrev  0x00000d7a       0xc7 ../proj_nios_bsp/\libhal_bsp.a(alt_dev.o)
 .debug_abbrev  0x00000e41       0xf6 ../proj_nios_bsp/\libhal_bsp.a(alt_dev_llist_insert.o)
 .debug_abbrev  0x00000f37       0x76 ../proj_nios_bsp/\libhal_bsp.a(alt_do_ctors.o)
 .debug_abbrev  0x00000fad       0x76 ../proj_nios_bsp/\libhal_bsp.a(alt_do_dtors.o)
 .debug_abbrev  0x00001023       0x5e ../proj_nios_bsp/\libhal_bsp.a(alt_errno.o)
 .debug_abbrev  0x00001081       0x3f ../proj_nios_bsp/\libhal_bsp.a(alt_icache_flush_all.o)
 .debug_abbrev  0x000010c0       0xf0 ../proj_nios_bsp/\libhal_bsp.a(alt_io_redirect.o)
 .debug_abbrev  0x000011b0      0x180 ../proj_nios_bsp/\libhal_bsp.a(alt_irq_register.o)
 .debug_abbrev  0x00001330       0x44 ../proj_nios_bsp/\libhal_bsp.a(alt_irq_vars.o)
 .debug_abbrev  0x00001374      0x112 ../proj_nios_bsp/\libhal_bsp.a(alt_open.o)
 .debug_abbrev  0x00001486       0xc1 ../proj_nios_bsp/\libhal_bsp.a(alt_release_fd.o)
 .debug_abbrev  0x00001547      0x161 ../proj_nios_bsp/\libhal_bsp.a(alt_tick.o)
 .debug_abbrev  0x000016a8       0x64 ../proj_nios_bsp/\libhal_bsp.a(altera_nios2_qsys_irq.o)
 .debug_abbrev  0x0000170c       0xcf ../proj_nios_bsp/\libhal_bsp.a(alt_find_dev.o)
 .debug_abbrev  0x000017db       0xcf ../proj_nios_bsp/\libhal_bsp.a(alt_find_file.o)
 .debug_abbrev  0x000018aa       0xfb ../proj_nios_bsp/\libhal_bsp.a(alt_get_fd.o)
 .debug_abbrev  0x000019a5       0x12 ../proj_nios_bsp/\libhal_bsp.a(alt_irq_entry.o)
 .debug_abbrev  0x000019b7      0x124 ../proj_nios_bsp/\libhal_bsp.a(alt_irq_handler.o)
 .debug_abbrev  0x00001adb       0x12 ../proj_nios_bsp/\libhal_bsp.a(alt_exception_entry.o)
 .debug_abbrev  0x00001aed       0xb7 c:/altera/13.0/nios2eds/bin/gnu/h-i686-mingw32/bin/../lib/gcc/nios2-elf/4.1.2/../../../../nios2-elf/lib/mno-hw-mul\libc.a(lib_a-atexit.o)
 .debug_abbrev  0x00001ba4      0x16e c:/altera/13.0/nios2eds/bin/gnu/h-i686-mingw32/bin/../lib/gcc/nios2-elf/4.1.2/../../../../nios2-elf/lib/mno-hw-mul\libc.a(lib_a-exit.o)
 .debug_abbrev  0x00001d12      0x1aa c:/altera/13.0/nios2eds/bin/gnu/h-i686-mingw32/bin/../lib/gcc/nios2-elf/4.1.2/../../../../nios2-elf/lib/mno-hw-mul\libc.a(lib_a-fputs.o)
 .debug_abbrev  0x00001ebc      0x1a3 c:/altera/13.0/nios2eds/bin/gnu/h-i686-mingw32/bin/../lib/gcc/nios2-elf/4.1.2/../../../../nios2-elf/lib/mno-hw-mul\libc.a(lib_a-fvwrite.o)
 .debug_abbrev  0x0000205f      0x157 c:/altera/13.0/nios2eds/bin/gnu/h-i686-mingw32/bin/../lib/gcc/nios2-elf/4.1.2/../../../../nios2-elf/lib/mno-hw-mul\libc.a(lib_a-impure.o)
 .debug_abbrev  0x000021b6       0x3b c:/altera/13.0/nios2eds/bin/gnu/h-i686-mingw32/bin/../lib/gcc/nios2-elf/4.1.2/../../../../nios2-elf/lib/mno-hw-mul\libc.a(lib_a-int_errno.o)
 .debug_abbrev  0x000021f1      0x216 c:/altera/13.0/nios2eds/bin/gnu/h-i686-mingw32/bin/../lib/gcc/nios2-elf/4.1.2/../../../../nios2-elf/lib/mno-hw-mul\libc.a(lib_a-mallocr.o)
 .debug_abbrev  0x00002407       0xb5 c:/altera/13.0/nios2eds/bin/gnu/h-i686-mingw32/bin/../lib/gcc/nios2-elf/4.1.2/../../../../nios2-elf/lib/mno-hw-mul\libc.a(lib_a-memchr.o)
 .debug_abbrev  0x000024bc       0x7c c:/altera/13.0/nios2eds/bin/gnu/h-i686-mingw32/bin/../lib/gcc/nios2-elf/4.1.2/../../../../nios2-elf/lib/mno-hw-mul\libc.a(lib_a-memcmp.o)
 .debug_abbrev  0x00002538       0xb5 c:/altera/13.0/nios2eds/bin/gnu/h-i686-mingw32/bin/../lib/gcc/nios2-elf/4.1.2/../../../../nios2-elf/lib/mno-hw-mul\libc.a(lib_a-memcpy.o)
 .debug_abbrev  0x000025ed       0xb5 c:/altera/13.0/nios2eds/bin/gnu/h-i686-mingw32/bin/../lib/gcc/nios2-elf/4.1.2/../../../../nios2-elf/lib/mno-hw-mul\libc.a(lib_a-memmove.o)
 .debug_abbrev  0x000026a2      0x1c3 c:/altera/13.0/nios2eds/bin/gnu/h-i686-mingw32/bin/../lib/gcc/nios2-elf/4.1.2/../../../../nios2-elf/lib/mno-hw-mul\libc.a(lib_a-reallocr.o)
 .debug_abbrev  0x00002865      0x18c c:/altera/13.0/nios2eds/bin/gnu/h-i686-mingw32/bin/../lib/gcc/nios2-elf/4.1.2/../../../../nios2-elf/lib/mno-hw-mul\libc.a(lib_a-sbrkr.o)
 .debug_abbrev  0x000029f1       0x8b c:/altera/13.0/nios2eds/bin/gnu/h-i686-mingw32/bin/../lib/gcc/nios2-elf/4.1.2/../../../../nios2-elf/lib/mno-hw-mul\libc.a(lib_a-strlen.o)
 .debug_abbrev  0x00002a7c      0x170 c:/altera/13.0/nios2eds/bin/gnu/h-i686-mingw32/bin/../lib/gcc/nios2-elf/4.1.2/../../../../nios2-elf/lib/mno-hw-mul\libc.a(lib_a-wsetup.o)
 .debug_abbrev  0x00002bec      0x1ae c:/altera/13.0/nios2eds/bin/gnu/h-i686-mingw32/bin/../lib/gcc/nios2-elf/4.1.2/../../../../nios2-elf/lib/mno-hw-mul\libc.a(lib_a-__atexit.o)
 .debug_abbrev  0x00002d9a      0x1de c:/altera/13.0/nios2eds/bin/gnu/h-i686-mingw32/bin/../lib/gcc/nios2-elf/4.1.2/../../../../nios2-elf/lib/mno-hw-mul\libc.a(lib_a-__call_atexit.o)
 .debug_abbrev  0x00002f78      0x1c6 c:/altera/13.0/nios2eds/bin/gnu/h-i686-mingw32/bin/../lib/gcc/nios2-elf/4.1.2/../../../../nios2-elf/lib/mno-hw-mul\libc.a(lib_a-fflush.o)
 .debug_abbrev  0x0000313e      0x24c c:/altera/13.0/nios2eds/bin/gnu/h-i686-mingw32/bin/../lib/gcc/nios2-elf/4.1.2/../../../../nios2-elf/lib/mno-hw-mul\libc.a(lib_a-findfp.o)
 .debug_abbrev  0x0000338a      0x1d9 c:/altera/13.0/nios2eds/bin/gnu/h-i686-mingw32/bin/../lib/gcc/nios2-elf/4.1.2/../../../../nios2-elf/lib/mno-hw-mul\libc.a(lib_a-freer.o)
 .debug_abbrev  0x00003563      0x1e3 c:/altera/13.0/nios2eds/bin/gnu/h-i686-mingw32/bin/../lib/gcc/nios2-elf/4.1.2/../../../../nios2-elf/lib/mno-hw-mul\libc.a(lib_a-fwalk.o)
 .debug_abbrev  0x00003746      0x197 c:/altera/13.0/nios2eds/bin/gnu/h-i686-mingw32/bin/../lib/gcc/nios2-elf/4.1.2/../../../../nios2-elf/lib/mno-hw-mul\libc.a(lib_a-makebuf.o)
 .debug_abbrev  0x000038dd       0xb8 c:/altera/13.0/nios2eds/bin/gnu/h-i686-mingw32/bin/../lib/gcc/nios2-elf/4.1.2/../../../../nios2-elf/lib/mno-hw-mul\libc.a(lib_a-memset.o)
 .debug_abbrev  0x00003995      0x1c9 c:/altera/13.0/nios2eds/bin/gnu/h-i686-mingw32/bin/../lib/gcc/nios2-elf/4.1.2/../../../../nios2-elf/lib/mno-hw-mul\libc.a(lib_a-stdio.o)
 .debug_abbrev  0x00003b5e      0x184 c:/altera/13.0/nios2eds/bin/gnu/h-i686-mingw32/bin/../lib/gcc/nios2-elf/4.1.2/../../../../nios2-elf/lib/mno-hw-mul\libc.a(lib_a-writer.o)
 .debug_abbrev  0x00003ce2      0x17f c:/altera/13.0/nios2eds/bin/gnu/h-i686-mingw32/bin/../lib/gcc/nios2-elf/4.1.2/../../../../nios2-elf/lib/mno-hw-mul\libc.a(lib_a-closer.o)
 .debug_abbrev  0x00003e61      0x1a7 c:/altera/13.0/nios2eds/bin/gnu/h-i686-mingw32/bin/../lib/gcc/nios2-elf/4.1.2/../../../../nios2-elf/lib/mno-hw-mul\libc.a(lib_a-fclose.o)
 .debug_abbrev  0x00004008      0x18e c:/altera/13.0/nios2eds/bin/gnu/h-i686-mingw32/bin/../lib/gcc/nios2-elf/4.1.2/../../../../nios2-elf/lib/mno-hw-mul\libc.a(lib_a-fstatr.o)
 .debug_abbrev  0x00004196      0x17f c:/altera/13.0/nios2eds/bin/gnu/h-i686-mingw32/bin/../lib/gcc/nios2-elf/4.1.2/../../../../nios2-elf/lib/mno-hw-mul\libc.a(lib_a-isattyr.o)
 .debug_abbrev  0x00004315      0x18e c:/altera/13.0/nios2eds/bin/gnu/h-i686-mingw32/bin/../lib/gcc/nios2-elf/4.1.2/../../../../nios2-elf/lib/mno-hw-mul\libc.a(lib_a-lseekr.o)
 .debug_abbrev  0x000044a3      0x17f c:/altera/13.0/nios2eds/bin/gnu/h-i686-mingw32/bin/../lib/gcc/nios2-elf/4.1.2/../../../../nios2-elf/lib/mno-hw-mul\libc.a(lib_a-readr.o)
 .debug_abbrev  0x00004622       0x7b c:/altera/13.0/nios2eds/bin/gnu/h-i686-mingw32/bin/../lib/gcc/nios2-elf/4.1.2/mno-hw-mul\libgcc.a(lib2-mul.o)
 .debug_abbrev  0x0000469d       0x99 ../proj_nios_bsp/\libhal_bsp.a(alt_exit.o)
 .debug_abbrev  0x00004736       0xfb ../proj_nios_bsp/\libhal_bsp.a(alt_fstat.o)
 .debug_abbrev  0x00004831       0xfb ../proj_nios_bsp/\libhal_bsp.a(alt_isatty.o)
 .debug_abbrev  0x0000492c       0xfb ../proj_nios_bsp/\libhal_bsp.a(alt_lseek.o)
 .debug_abbrev  0x00004a27      0x181 ../proj_nios_bsp/\libhal_bsp.a(alt_malloc_lock.o)
 .debug_abbrev  0x00004ba8       0xfb ../proj_nios_bsp/\libhal_bsp.a(alt_read.o)
 .debug_abbrev  0x00004ca3      0x11c ../proj_nios_bsp/\libhal_bsp.a(alt_sbrk.o)
 .debug_abbrev  0x00004dbf      0x100 ../proj_nios_bsp/\libhal_bsp.a(alt_write.o)

.debug_line     0x00000000     0xc281
 *(.debug_line)
 .debug_line    0x00000000       0x66 ../proj_nios_bsp//obj/HAL/src/crt0.o
 .debug_line    0x00000066       0xce obj/default/hello_world.o
 .debug_line    0x00000134      0x211 ../proj_nios_bsp/\libhal_bsp.a(alt_load.o)
 .debug_line    0x00000345      0x2d8 ../proj_nios_bsp/\libhal_bsp.a(alt_main.o)
 .debug_line    0x0000061d      0x1c3 ../proj_nios_bsp/\libhal_bsp.a(alt_putstr.o)
 .debug_line    0x000007e0      0x2b7 ../proj_nios_bsp/\libhal_bsp.a(alt_sys_init.o)
 .debug_line    0x00000a97      0x214 ../proj_nios_bsp/\libhal_bsp.a(altera_avalon_jtag_uart_fd.o)
 .debug_line    0x00000cab      0x4b9 ../proj_nios_bsp/\libhal_bsp.a(altera_avalon_jtag_uart_init.o)
 .debug_line    0x00001164      0x311 ../proj_nios_bsp/\libhal_bsp.a(altera_avalon_jtag_uart_ioctl.o)
 .debug_line    0x00001475      0x405 ../proj_nios_bsp/\libhal_bsp.a(altera_avalon_jtag_uart_read.o)
 .debug_line    0x0000187a      0x413 ../proj_nios_bsp/\libhal_bsp.a(altera_avalon_jtag_uart_write.o)
 .debug_line    0x00001c8d      0x2ef ../proj_nios_bsp/\libhal_bsp.a(alt_alarm_start.o)
 .debug_line    0x00001f7c      0x293 ../proj_nios_bsp/\libhal_bsp.a(alt_close.o)
 .debug_line    0x0000220f      0x1af ../proj_nios_bsp/\libhal_bsp.a(alt_dcache_flush_all.o)
 .debug_line    0x000023be      0x24e ../proj_nios_bsp/\libhal_bsp.a(alt_dev.o)
 .debug_line    0x0000260c      0x254 ../proj_nios_bsp/\libhal_bsp.a(alt_dev_llist_insert.o)
 .debug_line    0x00002860       0x83 ../proj_nios_bsp/\libhal_bsp.a(alt_do_ctors.o)
 .debug_line    0x000028e3       0x83 ../proj_nios_bsp/\libhal_bsp.a(alt_do_dtors.o)